Archive member included to satisfy reference by file (symbol)

../microbit/libmicrobit.a(MicroBit.cpp.obj)
                              test.o (MicroBit::MicroBit())
../microbit-dal/libmicrobit-dal.a(MicroBitBLEManager.cpp.obj)
                              ../microbit/libmicrobit.a(MicroBit.cpp.obj) (MicroBitBLEManager::MicroBitBLEManager(MicroBitStorage&))
../microbit-dal/libmicrobit-dal.a(MicroBitDFUService.cpp.obj)
                              ../microbit-dal/libmicrobit-dal.a(MicroBitBLEManager.cpp.obj) (MicroBitDFUService::MicroBitDFUService(BLE&))
../microbit-dal/libmicrobit-dal.a(MicroBitEventService.cpp.obj)
                              ../microbit-dal/libmicrobit-dal.a(MicroBitBLEManager.cpp.obj) (MicroBitEventService::MicroBitEventService(BLE&, EventModel&))
../microbit-dal/libmicrobit-dal.a(MicroBitDevice.cpp.obj)
                              ../microbit/libmicrobit.a(MicroBit.cpp.obj) (microbit_serial_number())
../microbit-dal/libmicrobit-dal.a(MicroBitFiber.cpp.obj)
                              ../microbit/libmicrobit.a(MicroBit.cpp.obj) (scheduler_init(EventModel&))
../microbit-dal/libmicrobit-dal.a(MicroBitFont.cpp.obj)
                              ../microbit-dal/libmicrobit-dal.a(MicroBitDevice.cpp.obj) (MicroBitFont::defaultFont)
../microbit-dal/libmicrobit-dal.a(MicroBitHeapAllocator.cpp.obj)
                              ../microbit/libmicrobit.a(MicroBit.cpp.obj) (microbit_create_heap(unsigned long, unsigned long))
../microbit-dal/libmicrobit-dal.a(MicroBitListener.cpp.obj)
                              ../microbit-dal/libmicrobit-dal.a(MicroBitFiber.cpp.obj) (MicroBitListener::MicroBitListener(unsigned short, unsigned short, void (*)(MicroBitEvent), unsigned short))
../microbit-dal/libmicrobit-dal.a(MicroBitSystemTimer.cpp.obj)
                              ../microbit-dal/libmicrobit-dal.a(MicroBitBLEManager.cpp.obj) (system_timer_current_time())
../microbit-dal/libmicrobit-dal.a(MicroBitAccelerometer.cpp.obj)
                              ../microbit/libmicrobit.a(MicroBit.cpp.obj) (MicroBitAccelerometer::autoDetect(MicroBitI2C&))
../microbit-dal/libmicrobit-dal.a(MicroBitButton.cpp.obj)
                              test.o (MicroBitButton::~MicroBitButton())
../microbit-dal/libmicrobit-dal.a(MicroBitCompass.cpp.obj)
                              ../microbit/libmicrobit.a(MicroBit.cpp.obj) (MicroBitCompass::autoDetect(MicroBitI2C&))
../microbit-dal/libmicrobit-dal.a(MicroBitCompassCalibrator.cpp.obj)
                              ../microbit/libmicrobit.a(MicroBit.cpp.obj) (MicroBitCompassCalibrator::MicroBitCompassCalibrator(MicroBitCompass&, MicroBitAccelerometer&, MicroBitDisplay&, MicroBitStorage&))
../microbit-dal/libmicrobit-dal.a(MicroBitDisplay.cpp.obj)
                              test.o (MicroBitDisplay::~MicroBitDisplay())
../microbit-dal/libmicrobit-dal.a(MicroBitI2C.cpp.obj)
                              ../microbit/libmicrobit.a(MicroBit.cpp.obj) (MicroBitI2C::MicroBitI2C(PinName, PinName))
../microbit-dal/libmicrobit-dal.a(MicroBitIO.cpp.obj)
                              ../microbit/libmicrobit.a(MicroBit.cpp.obj) (MicroBitIO::MicroBitIO(int, int, int, int, int, int, int, int, int, int, int, int, int, int, int, int, int, int, int))
../microbit-dal/libmicrobit-dal.a(MicroBitLightSensor.cpp.obj)
                              ../microbit-dal/libmicrobit-dal.a(MicroBitDisplay.cpp.obj) (MicroBitLightSensor::read())
../microbit-dal/libmicrobit-dal.a(MicroBitMessageBus.cpp.obj)
                              ../microbit/libmicrobit.a(MicroBit.cpp.obj) (MicroBitMessageBus::add(MicroBitListener*))
../microbit-dal/libmicrobit-dal.a(MicroBitMultiButton.cpp.obj)
                              ../microbit/libmicrobit.a(MicroBit.cpp.obj) (MicroBitMultiButton::setEventConfiguration(MicroBitButtonEventConfiguration))
../microbit-dal/libmicrobit-dal.a(MicroBitPin.cpp.obj)
                              ../microbit-dal/libmicrobit-dal.a(MicroBitAccelerometer.cpp.obj) (MicroBitPin::MicroBitPin(int, PinName, PinCapability))
../microbit-dal/libmicrobit-dal.a(MicroBitRadio.cpp.obj)
                              ../microbit/libmicrobit.a(MicroBit.cpp.obj) (MicroBitRadio::MicroBitRadio(unsigned short))
../microbit-dal/libmicrobit-dal.a(MicroBitRadioDatagram.cpp.obj)
                              ../microbit-dal/libmicrobit-dal.a(MicroBitRadio.cpp.obj) (MicroBitRadioDatagram::MicroBitRadioDatagram(MicroBitRadio&))
../microbit-dal/libmicrobit-dal.a(MicroBitRadioEvent.cpp.obj)
                              ../microbit-dal/libmicrobit-dal.a(MicroBitRadio.cpp.obj) (MicroBitRadioEvent::MicroBitRadioEvent(MicroBitRadio&))
../microbit-dal/libmicrobit-dal.a(MicroBitSerial.cpp.obj)
                              ../microbit/libmicrobit.a(MicroBit.cpp.obj) (MicroBitSerial::MicroBitSerial(PinName, PinName, unsigned char, unsigned char))
../microbit-dal/libmicrobit-dal.a(MicroBitStorage.cpp.obj)
[...]
Memory Configuration

Name             Origin             Length             Attributes
FLASH            0x0000000000018000 0x0000000000028000 xr
RAM              0x0000000020002000 0x0000000000002000 xrw
*default*        0x0000000000000000 0xffffffffffffffff

Linker script and memory map

LOAD /usr/lib/gcc/arm-none-eabi/8.2.0/thumb/v6-m/nofp/crti.o
LOAD /usr/lib/gcc/arm-none-eabi/8.2.0/thumb/v6-m/nofp/crtbegin.o
LOAD /usr/lib/gcc/arm-none-eabi/8.2.0/../../../../arm-none-eabi/lib/thumb/v6-m/nofp/crt0.o
LOAD test.o
START GROUP
LOAD ../microbit/libmicrobit.a
LOAD ../microbit-dal/libmicrobit-dal.a
LOAD ../ble-nrf51822/libble-nrf51822.a
LOAD ../ble/libble.a
LOAD ../nrf51-sdk/libnrf51-sdk.a
LOAD ../mbed-classic/libmbed-classic.a
LOAD /usr/lib/gcc/arm-none-eabi/8.2.0/../../../../arm-none-eabi/lib/thumb/v6-m/nofp/libnosys.a
LOAD /usr/lib/gcc/arm-none-eabi/8.2.0/../../../../arm-none-eabi/lib/thumb/v6-m/nofp/libstdc++_nano.a
LOAD /usr/lib/gcc/arm-none-eabi/8.2.0/../../../../arm-none-eabi/lib/thumb/v6-m/nofp/libsupc++_nano.a
LOAD /usr/lib/gcc/arm-none-eabi/8.2.0/thumb/v6-m/nofp/libgcc.a
LOAD /usr/lib/gcc/arm-none-eabi/8.2.0/../../../../arm-none-eabi/lib/thumb/v6-m/nofp/libstdc++_nano.a
LOAD /usr/lib/gcc/arm-none-eabi/8.2.0/../../../../arm-none-eabi/lib/thumb/v6-m/nofp/libsupc++_nano.a
LOAD /usr/lib/gcc/arm-none-eabi/8.2.0/../../../../arm-none-eabi/lib/thumb/v6-m/nofp/libm.a
LOAD /usr/lib/gcc/arm-none-eabi/8.2.0/../../../../arm-none-eabi/lib/thumb/v6-m/nofp/libc_nano.a
LOAD /usr/lib/gcc/arm-none-eabi/8.2.0/thumb/v6-m/nofp/libgcc.a
END GROUP
LOAD /usr/lib/gcc/arm-none-eabi/8.2.0/../../../../arm-none-eabi/lib/thumb/v6-m/nofp/libstdc++_nano.a
LOAD /usr/lib/gcc/arm-none-eabi/8.2.0/../../../../arm-none-eabi/lib/thumb/v6-m/nofp/libm.a
LOAD /usr/lib/gcc/arm-none-eabi/8.2.0/../../../../arm-none-eabi/lib/thumb/v6-m/nofp/libc_nano.a
START GROUP
LOAD /usr/lib/gcc/arm-none-eabi/8.2.0/thumb/v6-m/nofp/libgcc.a
LOAD /usr/lib/gcc/arm-none-eabi/8.2.0/../../../../arm-none-eabi/lib/thumb/v6-m/nofp/libc_nano.a
END GROUP
START GROUP
LOAD /usr/lib/gcc/arm-none-eabi/8.2.0/thumb/v6-m/nofp/libgcc.a
LOAD /usr/lib/gcc/arm-none-eabi/8.2.0/../../../../arm-none-eabi/lib/thumb/v6-m/nofp/libc_nano.a
END GROUP
LOAD /usr/lib/gcc/arm-none-eabi/8.2.0/thumb/v6-m/nofp/crtend.o
LOAD /usr/lib/gcc/arm-none-eabi/8.2.0/thumb/v6-m/nofp/crtn.o

.text           0x0000000000018000    0x118f4
 *(SORT_BY_ALIGNMENT(.Vectors))
 .Vectors       0x0000000000018000       0xc0 ../mbed-classic/libmbed-classic.a(startup_NRF51822.S.obj)
                0x0000000000018000                __Vectors
 *(SORT_BY_ALIGNMENT(.text*))
 .text.__do_global_dtors_aux
                0x00000000000180c0       0x28 /usr/lib/gcc/arm-none-eabi/8.2.0/thumb/v6-m/nofp/crtbegin.o
 .text.frame_dummy
                0x00000000000180e8       0x20 /usr/lib/gcc/arm-none-eabi/8.2.0/thumb/v6-m/nofp/crtbegin.o
 .text          0x0000000000018108       0x6c /usr/lib/gcc/arm-none-eabi/8.2.0/../../../../arm-none-eabi/lib/thumb/v6-m/nofp/crt0.o
                0x0000000000018108                _mainCRTStartup
                0x0000000000018108                _start
 .text._ZN14MicroBitSerialD2Ev
                0x0000000000018174       0x18 test.o
                0x0000000000018174                MicroBitSerial::~MicroBitSerial()
                0x0000000000018174                MicroBitSerial::~MicroBitSerial()
 .text.startup.main
                0x000000000001818c       0x94 test.o
                0x000000000001818c                main
 .text.startup._GLOBAL__sub_I_uBit
                0x0000000000018220       0x24 test.o
 .text._ZN8MicroBitD2Ev
                0x0000000000018244       0x58 test.o
                0x0000000000018244                MicroBit::~MicroBit()
                0x0000000000018244                MicroBit::~MicroBit()
 .text._ZN8MicroBitC2Ev
                0x000000000001829c      0x170 ../microbit/libmicrobit.a(MicroBit.cpp.obj)
                0x000000000001829c                MicroBit::MicroBit()
                0x000000000001829c                MicroBit::MicroBit()
 .text._ZN8MicroBit4initEv
                0x000000000001840c      0x200 ../microbit/libmicrobit.a(MicroBit.cpp.obj)
                0x000000000001840c                MicroBit::init()
 .text._ZN18MicroBitBLEManagerD2Ev
                0x000000000001860c       0x20 ../microbit-dal/libmicrobit-dal.a(MicroBitBLEManager.cpp.obj)
                0x000000000001860c                MicroBitBLEManager::~MicroBitBLEManager()
                0x000000000001860c                MicroBitBLEManager::~MicroBitBLEManager()
 .text._ZL25bleSysAttrMissingCallbackPK32GattSysAttrMissingCallbackParams
                0x000000000001862c       0xc8 ../microbit-dal/libmicrobit-dal.a(MicroBitBLEManager.cpp.obj)
 .text._ZN18MicroBitBLEManager8idleTickEv
                0x00000000000186f4      0x114 ../microbit-dal/libmicrobit-dal.a(MicroBitBLEManager.cpp.obj)
                0x00000000000186f4                MicroBitBLEManager::idleTick()
 .text._ZN18GapAdvertisingData8addFieldENS_10DataType_tEPKhhPh
                0x0000000000018808       0xa8 ../microbit-dal/libmicrobit-dal.a(MicroBitBLEManager.cpp.obj)
                0x0000000000018808                GapAdvertisingData::addField(GapAdvertisingData::DataType_t, unsigned char const*, unsigned char, unsigned char*)
 .text._ZN18GattCharacteristicC2ERK4UUIDPhtthPP13GattAttributejb
                0x00000000000188b0       0x8c ../microbit-dal/libmicrobit-dal.a(MicroBitBLEManager.cpp.obj)
                0x00000000000188b0                GattCharacteristic::GattCharacteristic(UUID const&, unsigned char*, unsigned short, unsigned short, unsigned char, GattAttribute**, unsigned int, bool)
                0x00000000000188b0                GattCharacteristic::GattCharacteristic(UUID const&, unsigned char*, unsigned short, unsigned short, unsigned char, GattAttribute**, unsigned int, bool)
 .text._ZN3BLE22setAdvertisingIntervalEt
                0x000000000001893c       0x3c ../microbit-dal/libmicrobit-dal.a(MicroBitBLEManager.cpp.obj)
                0x000000000001893c                BLE::setAdvertisingInterval(unsigned short)
 .text._ZN24DeviceInformationServiceC2ER3BLEPKcS3_S3_S3_S3_S3_
                0x0000000000018978      0x1dc ../microbit-dal/libmicrobit-dal.a(MicroBitBLEManager.cpp.obj)
                0x0000000000018978                DeviceInformationService::DeviceInformationService(BLE&, char const*, char const*, char const*, char const*, char const*, char const*)
                0x0000000000018978                DeviceInformationService::DeviceInformationService(BLE&, char const*, char const*, char const*, char const*, char const*, char const*)
 .text._ZN18MicroBitBLEManagerC2ER15MicroBitStorage
                0x0000000000018b54       0x3c ../microbit-dal/libmicrobit-dal.a(MicroBitBLEManager.cpp.obj)
                0x0000000000018b54                MicroBitBLEManager::MicroBitBLEManager(MicroBitStorage&)
                0x0000000000018b54                MicroBitBLEManager::MicroBitBLEManager(MicroBitStorage&)
 .text._ZL24bleDisconnectionCallbackPKN3Gap29DisconnectionCallbackParams_tE
                0x0000000000018b90       0x3c ../microbit-dal/libmicrobit-dal.a(MicroBitBLEManager.cpp.obj)
 .text._ZN18MicroBitBLEManager16setTransmitPowerEi
                0x0000000000018bcc       0x3c ../microbit-dal/libmicrobit-dal.a(MicroBitBLEManager.cpp.obj)
                0x0000000000018bcc                MicroBitBLEManager::setTransmitPower(int)
 .text._ZN18MicroBitBLEManager4initE13ManagedStringS0_R10EventModelb
                0x0000000000018c08      0x2c4 ../microbit-dal/libmicrobit-dal.a(MicroBitBLEManager.cpp.obj)
                0x0000000000018c08                MicroBitBLEManager::init(ManagedString, ManagedString, EventModel&, bool)
 .text._ZL22passkeyDisplayCallbacktPKh
                0x0000000000018ecc       0x34 ../microbit-dal/libmicrobit-dal.a(MicroBitBLEManager.cpp.obj)
 .text._ZL30securitySetupCompletedCallbacktN15SecurityManager26SecurityCompletionStatus_tE
                0x0000000000018f00       0x40 ../microbit-dal/libmicrobit-dal.a(MicroBitBLEManager.cpp.obj)
 .text._ZN18MicroBitBLEManager27showManagementModeAnimationER15MicroBitDisplay
                0x0000000000018f40       0xa8 ../microbit-dal/libmicrobit-dal.a(MicroBitBLEManager.cpp.obj)
                0x0000000000018f40                MicroBitBLEManager::showManagementModeAnimation(MicroBitDisplay&)
 .text._ZN18MicroBitBLEManager11pairingModeER15MicroBitDisplayR14MicroBitButton
                0x0000000000018fe8      0x280 ../microbit-dal/libmicrobit-dal.a(MicroBitBLEManager.cpp.obj)
                0x0000000000018fe8                MicroBitBLEManager::pairingMode(MicroBitDisplay&, MicroBitButton&)
 .text._ZN18MicroBitDFUServiceC2ER3BLE
                0x0000000000019268      0x17c ../microbit-dal/libmicrobit-dal.a(MicroBitDFUService.cpp.obj)
                0x0000000000019268                MicroBitDFUService::MicroBitDFUService(BLE&)
                0x0000000000019268                MicroBitDFUService::MicroBitDFUService(BLE&)
 .text._ZN20MicroBitEventServiceC2ER3BLER10EventModel
                0x00000000000193e4      0x1f4 ../microbit-dal/libmicrobit-dal.a(MicroBitEventService.cpp.obj)
                0x00000000000193e4                MicroBitEventService::MicroBitEventService(BLE&, EventModel&)
                0x00000000000193e4                MicroBitEventService::MicroBitEventService(BLE&, EventModel&)
 .text._ZN16MicroBitListenerC2I20MicroBitEventServiceEEttPT_MS2_Fv13MicroBitEventEt
                0x00000000000195d8       0x68 ../microbit-dal/libmicrobit-dal.a(MicroBitEventService.cpp.obj)
                0x00000000000195d8                MicroBitListener::MicroBitListener<MicroBitEventService>(unsigned short, unsigned short, MicroBitEventService*, void (MicroBitEventService::*)(MicroBitEvent), unsigned short)
                0x00000000000195d8                MicroBitListener::MicroBitListener<MicroBitEventService>(unsigned short, unsigned short, MicroBitEventService*, void (MicroBitEventService::*)(MicroBitEvent), unsigned short)
 .text._ZN20MicroBitEventService13onDataWrittenEPK23GattWriteCallbackParams
                0x0000000000019640       0x90 ../microbit-dal/libmicrobit-dal.a(MicroBitEventService.cpp.obj)
                0x0000000000019640                MicroBitEventService::onDataWritten(GattWriteCallbackParams const*)
 .text._ZN20MicroBitEventService8idleTickEv
                0x00000000000196d0       0x50 ../microbit-dal/libmicrobit-dal.a(MicroBitEventService.cpp.obj)
                0x00000000000196d0                MicroBitEventService::idleTick()
 .text.NVIC_SystemReset
                0x0000000000019720       0x18 ../microbit-dal/libmicrobit-dal.a(MicroBitDevice.cpp.obj)
 .text._Z22microbit_friendly_namev
                0x0000000000019738       0x6c ../microbit-dal/libmicrobit-dal.a(MicroBitDevice.cpp.obj)
                0x0000000000019738                microbit_friendly_name()
 .text._Z14microbit_panici
                0x00000000000197a4      0x178 ../microbit-dal/libmicrobit-dal.a(MicroBitDevice.cpp.obj)
                0x00000000000197a4                microbit_panic(int)
 .text._Z20microbit_seed_randomv
                0x000000000001991c       0x60 ../microbit-dal/libmicrobit-dal.a(MicroBitDevice.cpp.obj)
                0x000000000001991c                microbit_seed_random()
 .text._ZN10EventModel6listenEiiPFv13MicroBitEventEt
                0x000000000001997c       0x5c ../microbit-dal/libmicrobit-dal.a(MicroBitFiber.cpp.obj)
                0x000000000001997c                EventModel::listen(int, int, void (*)(MicroBitEvent), unsigned short)
 .text._Z14scheduler_tickv
                0x00000000000199d8       0x38 ../microbit-dal/libmicrobit-dal.a(MicroBitFiber.cpp.obj)
                0x00000000000199d8                scheduler_tick()
 .text._Z15scheduler_event13MicroBitEvent
                0x0000000000019a10       0xcc ../microbit-dal/libmicrobit-dal.a(MicroBitFiber.cpp.obj)
                0x0000000000019a10                scheduler_event(MicroBitEvent)
 .text._Z15getFiberContextv
                0x0000000000019adc       0x3c ../microbit-dal/libmicrobit-dal.a(MicroBitFiber.cpp.obj)
                0x0000000000019adc                getFiberContext()
 .text._Z23fiber_scheduler_runningv
                0x0000000000019b18       0x10 ../microbit-dal/libmicrobit-dal.a(MicroBitFiber.cpp.obj)
                0x0000000000019b18                fiber_scheduler_running()
 .text._Z14scheduler_initR10EventModel
                0x0000000000019b28       0xa8 ../microbit-dal/libmicrobit-dal.a(MicroBitFiber.cpp.obj)
                0x0000000000019b28                scheduler_init(EventModel&)
 .text._Z14__create_fibermmmi
                0x0000000000019bd0       0x50 ../microbit-dal/libmicrobit-dal.a(MicroBitFiber.cpp.obj)
                0x0000000000019bd0                __create_fiber(unsigned long, unsigned long, unsigned long, int)
 .text._Z24scheduler_runqueue_emptyv
                0x0000000000019c20       0x10 ../microbit-dal/libmicrobit-dal.a(MicroBitFiber.cpp.obj)
                0x0000000000019c20                scheduler_runqueue_empty()
 .text._Z24fiber_add_idle_componentP17MicroBitComponent
                0x0000000000019c30       0x1c ../microbit-dal/libmicrobit-dal.a(MicroBitFiber.cpp.obj)
                0x0000000000019c30                fiber_add_idle_component(MicroBitComponent*)
 .text._Z27fiber_remove_idle_componentP17MicroBitComponent
                0x0000000000019c4c       0x1c ../microbit-dal/libmicrobit-dal.a(MicroBitFiber.cpp.obj)
                0x0000000000019c4c                fiber_remove_idle_component(MicroBitComponent*)
 .text._Z4idlev
                0x0000000000019c68       0x30 ../microbit-dal/libmicrobit-dal.a(MicroBitFiber.cpp.obj)
                0x0000000000019c68                idle()
 .text._Z8schedulev
                0x0000000000019c98       0xd0 ../microbit-dal/libmicrobit-dal.a(MicroBitFiber.cpp.obj)
                0x0000000000019c98                schedule()
 .text._Z11fiber_sleepm
                0x0000000000019d68       0x54 ../microbit-dal/libmicrobit-dal.a(MicroBitFiber.cpp.obj)
                0x0000000000019d68                fiber_sleep(unsigned long)
 .text._Z19fiber_wake_on_eventtt
                0x0000000000019dbc       0x9c ../microbit-dal/libmicrobit-dal.a(MicroBitFiber.cpp.obj)
                0x0000000000019dbc                fiber_wake_on_event(unsigned short, unsigned short)
 .text._Z13release_fiberv
                0x0000000000019e58       0x28 ../microbit-dal/libmicrobit-dal.a(MicroBitFiber.cpp.obj)
                0x0000000000019e58                release_fiber()
 .text._Z6invokePFvPvES_
                0x0000000000019e80       0x80 ../microbit-dal/libmicrobit-dal.a(MicroBitFiber.cpp.obj)
                0x0000000000019e80                invoke(void (*)(void*), void*)
 .text._ZN12MicroBitFont13getSystemFontEv
                0x0000000000019f00       0x10 ../microbit-dal/libmicrobit-dal.a(MicroBitFont.cpp.obj)
                0x0000000000019f00                MicroBitFont::getSystemFont()
 .text.startup._GLOBAL__sub_I__ZN12MicroBitFont11defaultFontE
                0x0000000000019f10       0x18 ../microbit-dal/libmicrobit-dal.a(MicroBitFont.cpp.obj)
 .text._Z20microbit_create_heapmm
                0x0000000000019f28       0x58 ../microbit-dal/libmicrobit-dal.a(MicroBitHeapAllocator.cpp.obj)
                0x0000000000019f28                microbit_create_heap(unsigned long, unsigned long)
 .text.malloc   0x0000000000019f80       0x68 ../microbit-dal/libmicrobit-dal.a(MicroBitHeapAllocator.cpp.obj)
                0x0000000000019f80                malloc
 .text.free     0x0000000000019fe8       0x50 ../microbit-dal/libmicrobit-dal.a(MicroBitHeapAllocator.cpp.obj)
                0x0000000000019fe8                free
 .text._Z23system_timer_set_periodi
                0x000000000001a038       0x44 ../microbit-dal/libmicrobit-dal.a(MicroBitSystemTimer.cpp.obj)
                0x000000000001a038                system_timer_set_period(int)
 .text._Z17system_timer_initi
                0x000000000001a07c       0x54 ../microbit-dal/libmicrobit-dal.a(MicroBitSystemTimer.cpp.obj)
                0x000000000001a07c                system_timer_init(int)
 .text._Z23system_timer_get_periodv
                0x000000000001a0d0        0xc ../microbit-dal/libmicrobit-dal.a(MicroBitSystemTimer.cpp.obj)
                0x000000000001a0d0                system_timer_get_period()
 .text._Z11update_timev
                0x000000000001a0dc       0x44 ../microbit-dal/libmicrobit-dal.a(MicroBitSystemTimer.cpp.obj)
                0x000000000001a0dc                update_time()
 .text._Z17system_timer_tickv
                0x000000000001a120       0x24 ../microbit-dal/libmicrobit-dal.a(MicroBitSystemTimer.cpp.obj)
                0x000000000001a120                system_timer_tick()
 .text._Z25system_timer_current_timev
                0x000000000001a144       0x1c ../microbit-dal/libmicrobit-dal.a(MicroBitSystemTimer.cpp.obj)
                0x000000000001a144                system_timer_current_time()
 .text._Z28system_timer_current_time_usv
                0x000000000001a160       0x14 ../microbit-dal/libmicrobit-dal.a(MicroBitSystemTimer.cpp.obj)
                0x000000000001a160                system_timer_current_time_us()
 .text._Z26system_timer_add_componentP17MicroBitComponent
                0x000000000001a174       0x3c ../microbit-dal/libmicrobit-dal.a(MicroBitSystemTimer.cpp.obj)
                0x000000000001a174                system_timer_add_component(MicroBitComponent*)
 .text._Z29system_timer_remove_componentP17MicroBitComponent
                0x000000000001a1b0       0x1c ../microbit-dal/libmicrobit-dal.a(MicroBitSystemTimer.cpp.obj)
                0x000000000001a1b0                system_timer_remove_component(MicroBitComponent*)
 .text._ZN21MicroBitAccelerometer9configureEv
                0x000000000001a1cc        0x8 ../microbit-dal/libmicrobit-dal.a(MicroBitAccelerometer.cpp.obj)
                0x000000000001a1cc                MicroBitAccelerometer::configure()
 .text._ZN21MicroBitAccelerometer13requestUpdateEv
                0x000000000001a1d4       0x10 ../microbit-dal/libmicrobit-dal.a(MicroBitAccelerometer.cpp.obj)
                0x000000000001a1d4                MicroBitAccelerometer::requestUpdate()
 .text._ZN21MicroBitAccelerometerC2ER15CoordinateSpacet
                0x000000000001a1e4       0x50 ../microbit-dal/libmicrobit-dal.a(MicroBitAccelerometer.cpp.obj)
                0x000000000001a1e4                MicroBitAccelerometer::MicroBitAccelerometer(CoordinateSpace&, unsigned short)
                0x000000000001a1e4                MicroBitAccelerometer::MicroBitAccelerometer(CoordinateSpace&, unsigned short)
 .text._ZN21MicroBitAccelerometer10autoDetectER11MicroBitI2C
                0x000000000001a234      0x158 ../microbit-dal/libmicrobit-dal.a(MicroBitAccelerometer.cpp.obj)
                0x000000000001a234                MicroBitAccelerometer::autoDetect(MicroBitI2C&)
 .text._ZN21MicroBitAccelerometer20instantaneousPostureEv
                0x000000000001a38c      0x194 ../microbit-dal/libmicrobit-dal.a(MicroBitAccelerometer.cpp.obj)
                0x000000000001a38c                MicroBitAccelerometer::instantaneousPosture()
 .text._ZN14MicroBitButton10systemTickEv
                0x000000000001a520       0xf8 ../microbit-dal/libmicrobit-dal.a(MicroBitButton.cpp.obj)
                0x000000000001a520                MicroBitButton::systemTick()
 .text._ZN14MicroBitButtonD2Ev
                0x000000000001a618       0x18 ../microbit-dal/libmicrobit-dal.a(MicroBitButton.cpp.obj)
                0x000000000001a618                MicroBitButton::~MicroBitButton()
                0x000000000001a618                MicroBitButton::~MicroBitButton()
 .text._ZN14MicroBitButtonC2E7PinNamet32MicroBitButtonEventConfiguration7PinMode
                0x000000000001a630       0x58 ../microbit-dal/libmicrobit-dal.a(MicroBitButton.cpp.obj)
                0x000000000001a630                MicroBitButton::MicroBitButton(PinName, unsigned short, MicroBitButtonEventConfiguration, PinMode)
                0x000000000001a630                MicroBitButton::MicroBitButton(PinName, unsigned short, MicroBitButtonEventConfiguration, PinMode)
 .text._ZN15MicroBitCompass9configureEv
                0x000000000001a688        0x8 ../microbit-dal/libmicrobit-dal.a(MicroBitCompass.cpp.obj)
                0x000000000001a688                MicroBitCompass::configure()
 .text._ZN15MicroBitCompass13requestUpdateEv
                0x000000000001a690       0x10 ../microbit-dal/libmicrobit-dal.a(MicroBitCompass.cpp.obj)
                0x000000000001a690                MicroBitCompass::requestUpdate()
 .text._ZN15MicroBitCompassC2ER15CoordinateSpacet
                0x000000000001a6a0       0x44 ../microbit-dal/libmicrobit-dal.a(MicroBitCompass.cpp.obj)
                0x000000000001a6a0                MicroBitCompass::MicroBitCompass(CoordinateSpace&, unsigned short)
                0x000000000001a6a0                MicroBitCompass::MicroBitCompass(CoordinateSpace&, unsigned short)
 .text._ZN15MicroBitCompass10autoDetectER11MicroBitI2C
                0x000000000001a6e4      0x154 ../microbit-dal/libmicrobit-dal.a(MicroBitCompass.cpp.obj)
                0x000000000001a6e4                MicroBitCompass::autoDetect(MicroBitI2C&)
 .text._ZN25MicroBitCompassCalibrator11calibrateUXE13MicroBitEvent
                0x000000000001a838      0x2a0 ../microbit-dal/libmicrobit-dal.a(MicroBitCompassCalibrator.cpp.obj)
                0x000000000001a838                MicroBitCompassCalibrator::calibrateUX(MicroBitEvent)
 .text._ZN10EventModel6listenI25MicroBitCompassCalibratorEEittPT_MS2_Fv13MicroBitEventEt
                0x000000000001aad8       0xac ../microbit-dal/libmicrobit-dal.a(MicroBitCompassCalibrator.cpp.obj)
                0x000000000001aad8                int EventModel::listen<MicroBitCompassCalibrator>(unsigned short, unsigned short, MicroBitCompassCalibrator*, void (MicroBitCompassCalibrator::*)(MicroBitEvent), unsigned short)
 .text._ZN25MicroBitCompassCalibratorC2ER15MicroBitCompassR21MicroBitAccelerometerR15MicroBitDisplayR15MicroBitStorage
                0x000000000001ab84       0x80 ../microbit-dal/libmicrobit-dal.a(MicroBitCompassCalibrator.cpp.obj)
                0x000000000001ab84                MicroBitCompassCalibrator::MicroBitCompassCalibrator(MicroBitCompass&, MicroBitAccelerometer&, MicroBitDisplay&, MicroBitStorage&)
                0x000000000001ab84                MicroBitCompassCalibrator::MicroBitCompassCalibrator(MicroBitCompass&, MicroBitAccelerometer&, MicroBitDisplay&, MicroBitStorage&)
 .text._ZN15MicroBitDisplay15renderGreyscaleEv
                0x000000000001ac04       0xfc ../microbit-dal/libmicrobit-dal.a(MicroBitDisplay.cpp.obj)
                0x000000000001ac04                MicroBitDisplay::renderGreyscale()
 .text._ZN4mbed6TickerD2Ev
                0x000000000001ad00       0x1c ../microbit-dal/libmicrobit-dal.a(MicroBitDisplay.cpp.obj)
                0x000000000001ad00                mbed::Ticker::~Ticker()
                0x000000000001ad00                mbed::Ticker::~Ticker()
 .text._ZN15MicroBitDisplayD2Ev
                0x000000000001ad1c       0x48 ../microbit-dal/libmicrobit-dal.a(MicroBitDisplay.cpp.obj)
                0x000000000001ad1c                MicroBitDisplay::~MicroBitDisplay()
                0x000000000001ad1c                MicroBitDisplay::~MicroBitDisplay()
 .text._ZN15MicroBitDisplayC2EtRK9MatrixMap
                0x000000000001ad64       0xd8 ../microbit-dal/libmicrobit-dal.a(MicroBitDisplay.cpp.obj)
                0x000000000001ad64                MicroBitDisplay::MicroBitDisplay(unsigned short, MatrixMap const&)
                0x000000000001ad64                MicroBitDisplay::MicroBitDisplay(unsigned short, MatrixMap const&)
 .text._ZN15MicroBitDisplay6renderEv
                0x000000000001ae3c       0xf4 ../microbit-dal/libmicrobit-dal.a(MicroBitDisplay.cpp.obj)
                0x000000000001ae3c                MicroBitDisplay::render()
 .text._ZN15MicroBitDisplay26sendAnimationCompleteEventEv
                0x000000000001af30       0x24 ../microbit-dal/libmicrobit-dal.a(MicroBitDisplay.cpp.obj)
                0x000000000001af30                MicroBitDisplay::sendAnimationCompleteEvent()
 .text._ZN15MicroBitDisplay13stopAnimationEv
                0x000000000001af54       0x38 ../microbit-dal/libmicrobit-dal.a(MicroBitDisplay.cpp.obj)
                0x000000000001af54                MicroBitDisplay::stopAnimation()
 .text._ZN15MicroBitDisplay18waitForFreeDisplayEv
                0x000000000001af8c       0x20 ../microbit-dal/libmicrobit-dal.a(MicroBitDisplay.cpp.obj)
                0x000000000001af8c                MicroBitDisplay::waitForFreeDisplay()
 .text._ZN15MicroBitDisplay9fiberWaitEv
                0x000000000001afac       0x2c ../microbit-dal/libmicrobit-dal.a(MicroBitDisplay.cpp.obj)
                0x000000000001afac                MicroBitDisplay::fiberWait()
 .text._ZN15MicroBitDisplay14printCharAsyncEci
                0x000000000001afd8       0x4c ../microbit-dal/libmicrobit-dal.a(MicroBitDisplay.cpp.obj)
                0x000000000001afd8                MicroBitDisplay::printCharAsync(char, int)
 .text._ZN15MicroBitDisplay10printAsyncE13ManagedStringi
                0x000000000001b024       0x6c ../microbit-dal/libmicrobit-dal.a(MicroBitDisplay.cpp.obj)
                0x000000000001b024                MicroBitDisplay::printAsync(ManagedString, int)
 .text._ZN15MicroBitDisplay10printAsyncE13MicroBitImageiiii
                0x000000000001b090       0x54 ../microbit-dal/libmicrobit-dal.a(MicroBitDisplay.cpp.obj)
                0x000000000001b090                MicroBitDisplay::printAsync(MicroBitImage, int, int, int, int)
 .text._ZN15MicroBitDisplay5printE13ManagedStringi
                0x000000000001b0e4       0x68 ../microbit-dal/libmicrobit-dal.a(MicroBitDisplay.cpp.obj)
                0x000000000001b0e4                MicroBitDisplay::print(ManagedString, int)
 .text._ZN15MicroBitDisplay5printE13MicroBitImageiiii
                0x000000000001b14c       0x64 ../microbit-dal/libmicrobit-dal.a(MicroBitDisplay.cpp.obj)
                0x000000000001b14c                MicroBitDisplay::print(MicroBitImage, int, int, int, int)
 .text._ZN15MicroBitDisplay11scrollAsyncE13ManagedStringi
                0x000000000001b1b0       0x54 ../microbit-dal/libmicrobit-dal.a(MicroBitDisplay.cpp.obj)
                0x000000000001b1b0                MicroBitDisplay::scrollAsync(ManagedString, int)
 .text._ZN15MicroBitDisplay6scrollE13ManagedStringi
                0x000000000001b204       0x4c ../microbit-dal/libmicrobit-dal.a(MicroBitDisplay.cpp.obj)
                0x000000000001b204                MicroBitDisplay::scroll(ManagedString, int)
 .text._ZN15MicroBitDisplay12animateAsyncE13MicroBitImageiiii
                0x000000000001b250       0x78 ../microbit-dal/libmicrobit-dal.a(MicroBitDisplay.cpp.obj)
                0x000000000001b250                MicroBitDisplay::animateAsync(MicroBitImage, int, int, int, int)
 .text._ZN15MicroBitDisplay7animateE13MicroBitImageiiii
                0x000000000001b2c8       0x5c ../microbit-dal/libmicrobit-dal.a(MicroBitDisplay.cpp.obj)
                0x000000000001b2c8                MicroBitDisplay::animate(MicroBitImage, int, int, int, int)
 .text._ZN15MicroBitDisplay13setBrightnessEi
                0x000000000001b324       0x14 ../microbit-dal/libmicrobit-dal.a(MicroBitDisplay.cpp.obj)
                0x000000000001b324                MicroBitDisplay::setBrightness(int)
 .text._ZN11MicroBitI2C4readEiPcib
                0x000000000001b338       0x20 ../microbit-dal/libmicrobit-dal.a(MicroBitI2C.cpp.obj)
                0x000000000001b338                MicroBitI2C::read(int, char*, int, bool)
 .text._ZN11MicroBitI2C5writeEiPKcib
                0x000000000001b358       0x20 ../microbit-dal/libmicrobit-dal.a(MicroBitI2C.cpp.obj)
                0x000000000001b358                MicroBitI2C::write(int, char const*, int, bool)
 .text._ZN11MicroBitI2C12readRegisterEhhPhi
                0x000000000001b378       0x4c ../microbit-dal/libmicrobit-dal.a(MicroBitI2C.cpp.obj)
                0x000000000001b378                MicroBitI2C::readRegister(unsigned char, unsigned char, unsigned char*, int)
 .text._ZN18MicroBitMessageBus6removeEP16MicroBitListener
                0x000000000001b3c4       0x94 ../microbit-dal/libmicrobit-dal.a(MicroBitMessageBus.cpp.obj)
                0x000000000001b3c4                MicroBitMessageBus::remove(MicroBitListener*)
 .text._ZN18MicroBitMessageBus3addEP16MicroBitListener
                0x000000000001b458       0xd4 ../microbit-dal/libmicrobit-dal.a(MicroBitMessageBus.cpp.obj)
                0x000000000001b458                MicroBitMessageBus::add(MicroBitListener*)
 .text._ZN18MicroBitMessageBusD2Ev
                0x000000000001b52c       0x20 ../microbit-dal/libmicrobit-dal.a(MicroBitMessageBus.cpp.obj)
                0x000000000001b52c                MicroBitMessageBus::~MicroBitMessageBus()
                0x000000000001b52c                MicroBitMessageBus::~MicroBitMessageBus()
 .text._ZThn8_N18MicroBitMessageBusD1Ev
                0x000000000001b54c       0x10 ../microbit-dal/libmicrobit-dal.a(MicroBitMessageBus.cpp.obj)
                0x000000000001b54c                non-virtual thunk to MicroBitMessageBus::~MicroBitMessageBus()
 .text._ZThn8_N18MicroBitMessageBusD0Ev
                0x000000000001b55c       0x10 ../microbit-dal/libmicrobit-dal.a(MicroBitMessageBus.cpp.obj)
                0x000000000001b55c                non-virtual thunk to MicroBitMessageBus::~MicroBitMessageBus()
 .text._ZN18MicroBitMessageBusC2Ev
                0x000000000001b56c       0x3c ../microbit-dal/libmicrobit-dal.a(MicroBitMessageBus.cpp.obj)
                0x000000000001b56c                MicroBitMessageBus::MicroBitMessageBus()
                0x000000000001b56c                MicroBitMessageBus::MicroBitMessageBus()
 .text._ZN18MicroBitMessageBus7processER13MicroBitEventb
                0x000000000001b5a8       0x84 ../microbit-dal/libmicrobit-dal.a(MicroBitMessageBus.cpp.obj)
                0x000000000001b5a8                MicroBitMessageBus::process(MicroBitEvent&, bool)
 .text._ZThn8_N18MicroBitMessageBus8idleTickEv
                0x000000000001b62c       0x10 ../microbit-dal/libmicrobit-dal.a(MicroBitMessageBus.cpp.obj)
                0x000000000001b62c                non-virtual thunk to MicroBitMessageBus::idleTick()
 .text._ZN10EventModel6listenI19MicroBitMultiButtonEEittPT_MS2_Fv13MicroBitEventEt
                0x000000000001b63c       0xac ../microbit-dal/libmicrobit-dal.a(MicroBitMultiButton.cpp.obj)
                0x000000000001b63c                int EventModel::listen<MicroBitMultiButton>(unsigned short, unsigned short, MicroBitMultiButton*, void (MicroBitMultiButton::*)(MicroBitEvent), unsigned short)
 .text._ZN19MicroBitMultiButtonC2Ettt
                0x000000000001b6e8       0x70 ../microbit-dal/libmicrobit-dal.a(MicroBitMultiButton.cpp.obj)
                0x000000000001b6e8                MicroBitMultiButton::MicroBitMultiButton(unsigned short, unsigned short, unsigned short)
                0x000000000001b6e8                MicroBitMultiButton::MicroBitMultiButton(unsigned short, unsigned short, unsigned short)
 .text._ZN11MicroBitPinC2Ei7PinName13PinCapability
                0x000000000001b758       0x1c ../microbit-dal/libmicrobit-dal.a(MicroBitPin.cpp.obj)
                0x000000000001b758                MicroBitPin::MicroBitPin(int, PinName, PinCapability)
                0x000000000001b758                MicroBitPin::MicroBitPin(int, PinName, PinCapability)
 .text._ZN11MicroBitPin10disconnectEv
                0x000000000001b774       0x88 ../microbit-dal/libmicrobit-dal.a(MicroBitPin.cpp.obj)
                0x000000000001b774                MicroBitPin::disconnect()
 .text._ZN11MicroBitPin15getDigitalValueEv
                0x000000000001b7fc       0x88 ../microbit-dal/libmicrobit-dal.a(MicroBitPin.cpp.obj)
                0x000000000001b7fc                MicroBitPin::getDigitalValue()
 .text._ZN11MicroBitPin7setPullE7PinMode
                0x000000000001b884       0x2c ../microbit-dal/libmicrobit-dal.a(MicroBitPin.cpp.obj)
                0x000000000001b884                MicroBitPin::setPull(PinMode)
 .text._ZN13MicroBitRadioC2Et
                0x000000000001b8b0       0x40 ../microbit-dal/libmicrobit-dal.a(MicroBitRadio.cpp.obj)
                0x000000000001b8b0                MicroBitRadio::MicroBitRadio(unsigned short)
                0x000000000001b8b0                MicroBitRadio::MicroBitRadio(unsigned short)
 .text._ZN13MicroBitRadio7setRSSIEi
                0x000000000001b8f0       0x14 ../microbit-dal/libmicrobit-dal.a(MicroBitRadio.cpp.obj)
                0x000000000001b8f0                MicroBitRadio::setRSSI(int)
 .text._ZN13MicroBitRadio7getRSSIEv
                0x000000000001b904       0x14 ../microbit-dal/libmicrobit-dal.a(MicroBitRadio.cpp.obj)
                0x000000000001b904                MicroBitRadio::getRSSI()
 .text._ZN13MicroBitRadio10queueRxBufEv
                0x000000000001b918       0x60 ../microbit-dal/libmicrobit-dal.a(MicroBitRadio.cpp.obj)
                0x000000000001b918                MicroBitRadio::queueRxBuf()
 .text.RADIO_IRQHandler
                0x000000000001b978       0x64 ../microbit-dal/libmicrobit-dal.a(MicroBitRadio.cpp.obj)
                0x000000000001b978                RADIO_IRQHandler
 .text._ZN13MicroBitRadio4recvEv
                0x000000000001b9dc       0x28 ../microbit-dal/libmicrobit-dal.a(MicroBitRadio.cpp.obj)
                0x000000000001b9dc                MicroBitRadio::recv()
 .text._ZN14MicroBitSerial4baudEi
                0x000000000001ba04       0x14 ../microbit-dal/libmicrobit-dal.a(MicroBitSerial.cpp.obj)
                0x000000000001ba04                MicroBitSerial::baud(int)
 .text._ZN14MicroBitSerialC2E7PinNameS0_hh
                0x000000000001ba18       0x50 ../microbit-dal/libmicrobit-dal.a(MicroBitSerial.cpp.obj)
                0x000000000001ba18                MicroBitSerial::MicroBitSerial(PinName, PinName, unsigned char, unsigned char)
                0x000000000001ba18                MicroBitSerial::MicroBitSerial(PinName, PinName, unsigned char, unsigned char)
 .text._ZN15MicroBitStorage4sizeEv
                0x000000000001ba68       0x60 ../microbit-dal/libmicrobit-dal.a(MicroBitStorage.cpp.obj)
                0x000000000001ba68                MicroBitStorage::size()
 .text._ZN15MicroBitStorage3putEPKcPhi
                0x000000000001bac8      0x1ac ../microbit-dal/libmicrobit-dal.a(MicroBitStorage.cpp.obj)
                0x000000000001bac8                MicroBitStorage::put(char const*, unsigned char*, int)
 .text._ZN15MicroBitStorage6removeEPKc
                0x000000000001bc74       0xd4 ../microbit-dal/libmicrobit-dal.a(MicroBitStorage.cpp.obj)
                0x000000000001bc74                MicroBitStorage::remove(char const*)
 .text._ZN19MicroBitThermometerC2ER15MicroBitStoraget
                0x000000000001bd48       0x4c ../microbit-dal/libmicrobit-dal.a(MicroBitThermometer.cpp.obj)
                0x000000000001bd48                MicroBitThermometer::MicroBitThermometer(MicroBitStorage&, unsigned short)
                0x000000000001bd48                MicroBitThermometer::MicroBitThermometer(MicroBitStorage&, unsigned short)
 .text._ZN19MicroBitThermometer12updateSampleEv
                0x000000000001bd94       0x8c ../microbit-dal/libmicrobit-dal.a(MicroBitThermometer.cpp.obj)
                0x000000000001bd94                MicroBitThermometer::updateSample()
 .text._ZN13ManagedStringC2EPKc
                0x000000000001be20       0x20 ../microbit-dal/libmicrobit-dal.a(ManagedString.cpp.obj)
                0x000000000001be20                ManagedString::ManagedString(char const*)
                0x000000000001be20                ManagedString::ManagedString(char const*)
 .text._ZN13ManagedStringC2EPKcs
                0x000000000001be40       0x54 ../microbit-dal/libmicrobit-dal.a(ManagedString.cpp.obj)
                0x000000000001be40                ManagedString::ManagedString(char const*, short)
                0x000000000001be40                ManagedString::ManagedString(char const*, short)
 .text._ZN13ManagedStringC2Ev
                0x000000000001be94        0xc ../microbit-dal/libmicrobit-dal.a(ManagedString.cpp.obj)
                0x000000000001be94                ManagedString::ManagedString()
                0x000000000001be94                ManagedString::ManagedString()
 .text.startup._GLOBAL__sub_I__ZN13ManagedString9initEmptyEv
                0x000000000001bea0       0x28 ../microbit-dal/libmicrobit-dal.a(ManagedString.cpp.obj)
 .text._ZN13MicroBitEvent4fireEv
                0x000000000001bec8       0x28 ../microbit-dal/libmicrobit-dal.a(MicroBitEvent.cpp.obj)
                0x000000000001bec8                MicroBitEvent::fire()
 .text._ZN13MicroBitImageC2Ev
                0x000000000001bef0        0xc ../microbit-dal/libmicrobit-dal.a(MicroBitImage.cpp.obj)
                0x000000000001bef0                MicroBitImage::MicroBitImage()
                0x000000000001bef0                MicroBitImage::MicroBitImage()
 .text._ZN13MicroBitImageC2EP9ImageData
                0x000000000001befc       0x20 ../microbit-dal/libmicrobit-dal.a(MicroBitImage.cpp.obj)
                0x000000000001befc                MicroBitImage::MicroBitImage(ImageData*)
                0x000000000001befc                MicroBitImage::MicroBitImage(ImageData*)
 .text._ZN13MicroBitImage13setPixelValueEssh
                0x000000000001bf1c       0x2c ../microbit-dal/libmicrobit-dal.a(MicroBitImage.cpp.obj)
                0x000000000001bf1c                MicroBitImage::setPixelValue(short, short, unsigned char)
 .text._ZN13MicroBitImage10printImageEssPKh
                0x000000000001bf48       0x60 ../microbit-dal/libmicrobit-dal.a(MicroBitImage.cpp.obj)
                0x000000000001bf48                MicroBitImage::printImage(short, short, unsigned char const*)
 .text._ZN13MicroBitImage4initEssPKh
                0x000000000001bfa8       0x50 ../microbit-dal/libmicrobit-dal.a(MicroBitImage.cpp.obj)
                0x000000000001bfa8                MicroBitImage::init(short, short, unsigned char const*)
 .text._ZN13MicroBitImageC2EPKc
                0x000000000001bff8       0x9c ../microbit-dal/libmicrobit-dal.a(MicroBitImage.cpp.obj)
                0x000000000001bff8                MicroBitImage::MicroBitImage(char const*)
                0x000000000001bff8                MicroBitImage::MicroBitImage(char const*)
 .text._ZN13MicroBitImage5printEcss
                0x000000000001c094       0x90 ../microbit-dal/libmicrobit-dal.a(MicroBitImage.cpp.obj)
                0x000000000001c094                MicroBitImage::print(char, short, short)
 .text._ZN13MicroBitImage9shiftLeftEs
                0x000000000001c124       0x50 ../microbit-dal/libmicrobit-dal.a(MicroBitImage.cpp.obj)
                0x000000000001c124                MicroBitImage::shiftLeft(short)
 .text.startup._GLOBAL__sub_I__ZN13MicroBitImage10EmptyImageE
                0x000000000001c174       0x28 ../microbit-dal/libmicrobit-dal.a(MicroBitImage.cpp.obj)
 .text.startup._GLOBAL__sub_I__ZN12PacketBuffer11EmptyPacketE
                0x000000000001c19c       0x24 ../microbit-dal/libmicrobit-dal.a(PacketBuffer.cpp.obj)
 .text._ZL16isReadOnlyInlineP10RefCounted.isra.0
                0x000000000001c1c0       0x24 ../microbit-dal/libmicrobit-dal.a(RefCounted.cpp.obj)
 .text          0x000000000001c1e4      0x124 ../microbit-dal/libmicrobit-dal.a(CortexContextSwitch.s.obj)
                0x000000000001c1e4                swap_context
                0x000000000001c266                save_context
                0x000000000001c2aa                save_register_context
                0x000000000001c2da                restore_register_context
 .text._Z14string_reversePc
                0x000000000001c308       0x2c ../microbit-dal/libmicrobit-dal.a(MicroBitCompat.cpp.obj)
                0x000000000001c308                string_reverse(char*)
 .text._Z4itoaiPc
                0x000000000001c334       0x60 ../microbit-dal/libmicrobit-dal.a(MicroBitCompat.cpp.obj)
                0x000000000001c334                itoa(int, char*)
 .text._ZThn68_N8FXOS87008idleTickEv
                0x000000000001c394       0x10 ../microbit-dal/libmicrobit-dal.a(FXOS8700.cpp.obj)
                0x000000000001c394                non-virtual thunk to FXOS8700::idleTick()
 .text._ZN8FXOS87009configureEv
                0x000000000001c3a4       0xe4 ../microbit-dal/libmicrobit-dal.a(FXOS8700.cpp.obj)
                0x000000000001c3a4                FXOS8700::configure()
 .text._ZThn68_N8FXOS87009configureEv
                0x000000000001c488       0x10 ../microbit-dal/libmicrobit-dal.a(FXOS8700.cpp.obj)
                0x000000000001c488                non-virtual thunk to FXOS8700::configure()
 .text._ZN8FXOS8700D2Ev
                0x000000000001c498       0x24 ../microbit-dal/libmicrobit-dal.a(FXOS8700.cpp.obj)
                0x000000000001c498                FXOS8700::~FXOS8700()
                0x000000000001c498                FXOS8700::~FXOS8700()
 .text._ZThn68_N8FXOS8700D1Ev
                0x000000000001c4bc       0x10 ../microbit-dal/libmicrobit-dal.a(FXOS8700.cpp.obj)
                0x000000000001c4bc                non-virtual thunk to FXOS8700::~FXOS8700()
 .text._ZThn68_N8FXOS8700D0Ev
                0x000000000001c4cc       0x10 ../microbit-dal/libmicrobit-dal.a(FXOS8700.cpp.obj)
                0x000000000001c4cc                non-virtual thunk to FXOS8700::~FXOS8700()
 .text._ZN8FXOS870013requestUpdateEv
                0x000000000001c4dc       0xcc ../microbit-dal/libmicrobit-dal.a(FXOS8700.cpp.obj)
                0x000000000001c4dc                FXOS8700::requestUpdate()
 .text._ZThn68_N8FXOS870013requestUpdateEv
                0x000000000001c5a8       0x10 ../microbit-dal/libmicrobit-dal.a(FXOS8700.cpp.obj)
                0x000000000001c5a8                non-virtual thunk to FXOS8700::requestUpdate()
 .text._ZN8FXOS8700C2ER11MicroBitI2C11MicroBitPinR15CoordinateSpacettt
                0x000000000001c5b8       0x80 ../microbit-dal/libmicrobit-dal.a(FXOS8700.cpp.obj)
                0x000000000001c5b8                FXOS8700::FXOS8700(MicroBitI2C&, MicroBitPin, CoordinateSpace&, unsigned short, unsigned short, unsigned short)
                0x000000000001c5b8                FXOS8700::FXOS8700(MicroBitI2C&, MicroBitPin, CoordinateSpace&, unsigned short, unsigned short, unsigned short)
 .text._ZN19LSM303Accelerometer9configureEv
                0x000000000001c638       0x94 ../microbit-dal/libmicrobit-dal.a(LSM303Accelerometer.cpp.obj)
                0x000000000001c638                LSM303Accelerometer::configure()
 .text._ZN19LSM303AccelerometerD2Ev
                0x000000000001c6cc       0x18 ../microbit-dal/libmicrobit-dal.a(LSM303Accelerometer.cpp.obj)
                0x000000000001c6cc                LSM303Accelerometer::~LSM303Accelerometer()
                0x000000000001c6cc                LSM303Accelerometer::~LSM303Accelerometer()
 .text._ZN19LSM303Accelerometer13requestUpdateEv
                0x000000000001c6e4       0x94 ../microbit-dal/libmicrobit-dal.a(LSM303Accelerometer.cpp.obj)
                0x000000000001c6e4                LSM303Accelerometer::requestUpdate()
 .text._ZN19LSM303AccelerometerC2ER11MicroBitI2C11MicroBitPinR15CoordinateSpacett
                0x000000000001c778       0x5c ../microbit-dal/libmicrobit-dal.a(LSM303Accelerometer.cpp.obj)
                0x000000000001c778                LSM303Accelerometer::LSM303Accelerometer(MicroBitI2C&, MicroBitPin, CoordinateSpace&, unsigned short, unsigned short)
                0x000000000001c778                LSM303Accelerometer::LSM303Accelerometer(MicroBitI2C&, MicroBitPin, CoordinateSpace&, unsigned short, unsigned short)
 .text._ZN18LSM303Magnetometer9configureEv
                0x000000000001c7d4       0x60 ../microbit-dal/libmicrobit-dal.a(LSM303Magnetometer.cpp.obj)
                0x000000000001c7d4                LSM303Magnetometer::configure()
 .text._ZN18LSM303MagnetometerD2Ev
                0x000000000001c834       0x18 ../microbit-dal/libmicrobit-dal.a(LSM303Magnetometer.cpp.obj)
                0x000000000001c834                LSM303Magnetometer::~LSM303Magnetometer()
                0x000000000001c834                LSM303Magnetometer::~LSM303Magnetometer()
 .text._ZN18LSM303Magnetometer13requestUpdateEv
                0x000000000001c84c       0x70 ../microbit-dal/libmicrobit-dal.a(LSM303Magnetometer.cpp.obj)
                0x000000000001c84c                LSM303Magnetometer::requestUpdate()
 .text._ZN18LSM303MagnetometerC2ER11MicroBitI2C11MicroBitPinR15CoordinateSpacett
                0x000000000001c8bc       0x54 ../microbit-dal/libmicrobit-dal.a(LSM303Magnetometer.cpp.obj)
                0x000000000001c8bc                LSM303Magnetometer::LSM303Magnetometer(MicroBitI2C&, MicroBitPin, CoordinateSpace&, unsigned short, unsigned short)
                0x000000000001c8bc                LSM303Magnetometer::LSM303Magnetometer(MicroBitI2C&, MicroBitPin, CoordinateSpace&, unsigned short, unsigned short)
 .text._ZN7MAG3110D2Ev
                0x000000000001c910       0x18 ../microbit-dal/libmicrobit-dal.a(MAG3110.cpp.obj)
                0x000000000001c910                MAG3110::~MAG3110()
                0x000000000001c910                MAG3110::~MAG3110()
 .text._ZN7MAG31109configureEv
                0x000000000001c928       0xa0 ../microbit-dal/libmicrobit-dal.a(MAG3110.cpp.obj)
                0x000000000001c928                MAG3110::configure()
 .text._ZN7MAG311013requestUpdateEv
                0x000000000001c9c8       0x7c ../microbit-dal/libmicrobit-dal.a(MAG3110.cpp.obj)
                0x000000000001c9c8                MAG3110::requestUpdate()
 .text._ZN7MAG3110C2ER11MicroBitI2C11MicroBitPinR15CoordinateSpacett
                0x000000000001ca44       0x54 ../microbit-dal/libmicrobit-dal.a(MAG3110.cpp.obj)
                0x000000000001ca44                MAG3110::MAG3110(MicroBitI2C&, MicroBitPin, CoordinateSpace&, unsigned short, unsigned short)
                0x000000000001ca44                MAG3110::MAG3110(MicroBitI2C&, MicroBitPin, CoordinateSpace&, unsigned short, unsigned short)
 .text._ZN7MMA86539configureEv
                0x000000000001ca98       0xb0 ../microbit-dal/libmicrobit-dal.a(MMA8653.cpp.obj)
                0x000000000001ca98                MMA8653::configure()
 .text._ZN7MMA8653D2Ev
                0x000000000001cb48       0x18 ../microbit-dal/libmicrobit-dal.a(MMA8653.cpp.obj)
                0x000000000001cb48                MMA8653::~MMA8653()
                0x000000000001cb48                MMA8653::~MMA8653()
 .text._ZN7MMA865313requestUpdateEv
                0x000000000001cb60       0x78 ../microbit-dal/libmicrobit-dal.a(MMA8653.cpp.obj)
                0x000000000001cb60                MMA8653::requestUpdate()
 .text._ZN7MMA8653C2ER11MicroBitI2C11MicroBitPinR15CoordinateSpacett
                0x000000000001cbd8       0x5c ../microbit-dal/libmicrobit-dal.a(MMA8653.cpp.obj)
                0x000000000001cbd8                MMA8653::MMA8653(MicroBitI2C&, MicroBitPin, CoordinateSpace&, unsigned short, unsigned short)
                0x000000000001cbd8                MMA8653::MMA8653(MicroBitI2C&, MicroBitPin, CoordinateSpace&, unsigned short, unsigned short)
 .text._ZL18nvmc_event_handlerm
                0x000000000001cc34       0x10 ../microbit-dal/libmicrobit-dal.a(MicroBitFlash.cpp.obj)
 .text._ZN13MicroBitFlashC2Ev
                0x000000000001cc44       0x24 ../microbit-dal/libmicrobit-dal.a(MicroBitFlash.cpp.obj)
                0x000000000001cc44                MicroBitFlash::MicroBitFlash()
                0x000000000001cc44                MicroBitFlash::MicroBitFlash()
 .text._ZN13MicroBitFlash10erase_pageEPm
                0x000000000001cc68       0x6c ../microbit-dal/libmicrobit-dal.a(MicroBitFlash.cpp.obj)
                0x000000000001cc68                MicroBitFlash::erase_page(unsigned long*)
 .text._ZN13MicroBitFlash10flash_burnEPmS0_i
                0x000000000001ccd4       0x7c ../microbit-dal/libmicrobit-dal.a(MicroBitFlash.cpp.obj)
                0x000000000001ccd4                MicroBitFlash::flash_burn(unsigned long*, unsigned long*, int)
 .text._ZNK13KeyValueTable4findEm
                0x000000000001cd50       0x28 ../microbit-dal/libmicrobit-dal.a(MicroBitUtil.cpp.obj)
                0x000000000001cd50                KeyValueTable::find(unsigned long) const
 .text._ZL16sys_evt_dispatchm
                0x000000000001cd78       0x1c ../ble-nrf51822/libble-nrf51822.a(btle.cpp.obj)
 .text._ZL12btle_handlerP9ble_evt_t
                0x000000000001cd94      0x1c0 ../ble-nrf51822/libble-nrf51822.a(btle.cpp.obj)
 .text.btle_set_gatt_table_size
                0x000000000001cf54       0x14 ../ble-nrf51822/libble-nrf51822.a(btle.cpp.obj)
                0x000000000001cf54                btle_set_gatt_table_size
 .text.btle_set_user_evt_handler
                0x000000000001cf68        0xc ../ble-nrf51822/libble-nrf51822.a(btle.cpp.obj)
                0x000000000001cf68                btle_set_user_evt_handler
 .text.btle_init
                0x000000000001cf74       0xa4 ../ble-nrf51822/libble-nrf51822.a(btle.cpp.obj)
                0x000000000001cf74                btle_init
 .text.app_error_handler
                0x000000000001d018       0x20 ../ble-nrf51822/libble-nrf51822.a(btle.cpp.obj)
                0x000000000001d018                app_error_handler
 .text._Z13btle_gap_initv
                0x000000000001d038       0x54 ../ble-nrf51822/libble-nrf51822.a(btle_gap.cpp.obj)
                0x000000000001d038                btle_gap_init()
 .text._ZN39nRF5xCharacteristicDescriptorDiscoverer26gattc_descriptors_discoverEttt
                0x000000000001d08c       0x38 ../ble-nrf51822/libble-nrf51822.a(nRF5xCharacteristicDescriptorDiscoverer.cpp.obj)
                0x000000000001d08c                nRF5xCharacteristicDescriptorDiscoverer::gattc_descriptors_discover(unsigned short, unsigned short, unsigned short)
 .text._ZN39nRF5xCharacteristicDescriptorDiscoverer9DiscoveryC2Ev
                0x000000000001d0c4       0x54 ../ble-nrf51822/libble-nrf51822.a(nRF5xCharacteristicDescriptorDiscoverer.cpp.obj)
                0x000000000001d0c4                nRF5xCharacteristicDescriptorDiscoverer::Discovery::Discovery()
                0x000000000001d0c4                nRF5xCharacteristicDescriptorDiscoverer::Discovery::Discovery()
 .text._ZN8nRF5xGap25getPermittedTxPowerValuesEPPKaPj
                0x000000000001d118       0x10 ../ble-nrf51822/libble-nrf51822.a(nRF5xGap.cpp.obj)
                0x000000000001d118                nRF5xGap::getPermittedTxPowerValues(signed char const**, unsigned int*)
 .text._Z31radioNotificationStaticCallbackb
                0x000000000001d128       0x3c ../ble-nrf51822/libble-nrf51822.a(nRF5xGap.cpp.obj)
                0x000000000001d128                radioNotificationStaticCallback(bool)
 .text._ZN8nRF5xGap21initRadioNotificationEv
                0x000000000001d164       0x20 ../ble-nrf51822/libble-nrf51822.a(nRF5xGap.cpp.obj)
                0x000000000001d164                nRF5xGap::initRadioNotification()
 .text._ZN3Gap5resetEv
                0x000000000001d184       0xe8 ../ble-nrf51822/libble-nrf51822.a(nRF5xGap.cpp.obj)
                0x000000000001d184                Gap::reset()
 .text._ZN8nRF5xGap22generateStackWhitelistER19ble_gap_whitelist_t
                0x000000000001d26c       0xe0 ../ble-nrf51822/libble-nrf51822.a(nRF5xGap.cpp.obj)
                0x000000000001d26c                nRF5xGap::generateStackWhitelist(ble_gap_whitelist_t&)
 .text._ZN8nRF5xGap16startAdvertisingERK20GapAdvertisingParams
                0x000000000001d34c       0xac ../ble-nrf51822/libble-nrf51822.a(nRF5xGap.cpp.obj)
                0x000000000001d34c                nRF5xGap::startAdvertising(GapAdvertisingParams const&)
 .text._ZN8nRF5xGap7connectEPKhN11BLEProtocol11AddressType4TypeEPKN3Gap18ConnectionParams_tEPK17GapScanningParams
                0x000000000001d3f8       0xec ../ble-nrf51822/libble-nrf51822.a(nRF5xGap.cpp.obj)
                0x000000000001d3f8                nRF5xGap::connect(unsigned char const*, BLEProtocol::AddressType::Type, Gap::ConnectionParams_t const*, GapScanningParams const*)
 .text._ZN15nRF5xGattServer4readEtPhPt
                0x000000000001d4e4       0x18 ../ble-nrf51822/libble-nrf51822.a(nRF5xGattServer.cpp.obj)
                0x000000000001d4e4                nRF5xGattServer::read(unsigned short, unsigned char*, unsigned short*)
 .text._ZN15nRF5xGattServer5writeEtPKhtb
                0x000000000001d4fc       0x1c ../ble-nrf51822/libble-nrf51822.a(nRF5xGattServer.cpp.obj)
                0x000000000001d4fc                nRF5xGattServer::write(unsigned short, unsigned char const*, unsigned short, bool)
 .text._ZN15nRF5xGattServer5writeEttPKhtb
                0x000000000001d518       0xf0 ../ble-nrf51822/libble-nrf51822.a(nRF5xGattServer.cpp.obj)
                0x000000000001d518                nRF5xGattServer::write(unsigned short, unsigned short, unsigned char const*, unsigned short, bool)
 .text._ZN15nRF5xGattServer10addServiceER11GattService
                0x000000000001d608      0x1dc ../ble-nrf51822/libble-nrf51822.a(nRF5xGattServer.cpp.obj)
                0x000000000001d608                nRF5xGattServer::addService(GattService&)
 .text._ZN26FunctionPointerWithContextItEC2EPFvtE
                0x000000000001d7e4       0x20 ../ble-nrf51822/libble-nrf51822.a(nRF5xGattServer.cpp.obj)
                0x000000000001d7e4                FunctionPointerWithContext<unsigned short>::FunctionPointerWithContext(void (*)(unsigned short))
                0x000000000001d7e4                FunctionPointerWithContext<unsigned short>::FunctionPointerWithContext(void (*)(unsigned short))
 .text._ZN15nRF5xGattServer5resetEv
                0x000000000001d804       0x50 ../ble-nrf51822/libble-nrf51822.a(nRF5xGattServer.cpp.obj)
                0x000000000001d804                nRF5xGattServer::reset()
 .text._ZN21nRF5xServiceDiscovery25ServiceUUIDDiscoveryQueue12triggerFirstEv
                0x000000000001d854       0x50 ../ble-nrf51822/libble-nrf51822.a(nRF5xServiceDiscovery.cpp.obj)
                0x000000000001d854                nRF5xServiceDiscovery::ServiceUUIDDiscoveryQueue::triggerFirst()
 .text._ZN21nRF5xServiceDiscovery22CharUUIDDiscoveryQueue12triggerFirstEv
                0x000000000001d8a4       0x58 ../ble-nrf51822/libble-nrf51822.a(nRF5xServiceDiscovery.cpp.obj)
                0x000000000001d8a4                nRF5xServiceDiscovery::CharUUIDDiscoveryQueue::triggerFirst()
 .text._ZN21nRF5xServiceDiscovery27processDiscoverUUIDResponseEPK41ble_gattc_evt_char_val_by_uuid_read_rsp_t
                0x000000000001d8fc       0xd4 ../ble-nrf51822/libble-nrf51822.a(nRF5xServiceDiscovery.cpp.obj)
                0x000000000001d8fc                nRF5xServiceDiscovery::processDiscoverUUIDResponse(ble_gattc_evt_char_val_by_uuid_read_rsp_t const*)
 .text._ZN21nRF5xServiceDiscovery29launchCharacteristicDiscoveryEttt
                0x000000000001d9d0       0x58 ../ble-nrf51822/libble-nrf51822.a(nRF5xServiceDiscovery.cpp.obj)
                0x000000000001d9d0                nRF5xServiceDiscovery::launchCharacteristicDiscovery(unsigned short, unsigned short, unsigned short)
 .text._ZN21nRF5xServiceDiscovery24progressServiceDiscoveryEv
                0x000000000001da28       0xe8 ../ble-nrf51822/libble-nrf51822.a(nRF5xServiceDiscovery.cpp.obj)
                0x000000000001da28                nRF5xServiceDiscovery::progressServiceDiscovery()
 .text._ZN21nRF5xServiceDiscovery31progressCharacteristicDiscoveryEv
                0x000000000001db10      0x194 ../ble-nrf51822/libble-nrf51822.a(nRF5xServiceDiscovery.cpp.obj)
                0x000000000001db10                nRF5xServiceDiscovery::progressCharacteristicDiscovery()
 .text._ZNK3Gap25getMaxAdvertisingIntervalEv
                0x000000000001dca4        0x8 ../ble-nrf51822/libble-nrf51822.a(nRF5xn.cpp.obj)
                0x000000000001dca4                Gap::getMaxAdvertisingInterval() const
 .text._ZN21nRF5xServiceDiscovery6launchEt26FunctionPointerWithContextIPK17DiscoveredServiceES0_IPK24DiscoveredCharacteristicERK4UUIDSB_
                0x000000000001dcac       0x90 ../ble-nrf51822/libble-nrf51822.a(nRF5xn.cpp.obj)
                0x000000000001dcac                nRF5xServiceDiscovery::launch(unsigned short, FunctionPointerWithContext<DiscoveredService const*>, FunctionPointerWithContext<DiscoveredCharacteristic const*>, UUID const&, UUID const&)
 .text._ZNK6nRF5xn18getSecurityManagerEv
                0x000000000001dd3c       0x34 ../ble-nrf51822/libble-nrf51822.a(nRF5xn.cpp.obj)
                0x000000000001dd3c                nRF5xn::getSecurityManager() const
 .text._ZN6nRF5xn10getVersionEv
                0x000000000001dd70       0x74 ../ble-nrf51822/libble-nrf51822.a(nRF5xn.cpp.obj)
                0x000000000001dd70                nRF5xn::getVersion()
 .text._ZN38CallChainOfFunctionPointersWithContextIPK23GattWriteCallbackParamsED2Ev
                0x000000000001dde4       0x14 ../ble-nrf51822/libble-nrf51822.a(nRF5xn.cpp.obj)
                0x000000000001dde4                CallChainOfFunctionPointersWithContext<GattWriteCallbackParams const*>::~CallChainOfFunctionPointersWithContext()
                0x000000000001dde4                CallChainOfFunctionPointersWithContext<GattWriteCallbackParams const*>::~CallChainOfFunctionPointersWithContext()
 .text._ZN38CallChainOfFunctionPointersWithContextIPK22GattReadCallbackParamsED2Ev
                0x000000000001ddf8       0x14 ../ble-nrf51822/libble-nrf51822.a(nRF5xn.cpp.obj)
                0x000000000001ddf8                CallChainOfFunctionPointersWithContext<GattReadCallbackParams const*>::~CallChainOfFunctionPointersWithContext()
                0x000000000001ddf8                CallChainOfFunctionPointersWithContext<GattReadCallbackParams const*>::~CallChainOfFunctionPointersWithContext()
 .text._ZN6nRF5xn18getSecurityManagerEv
                0x000000000001de0c       0x34 ../ble-nrf51822/libble-nrf51822.a(nRF5xn.cpp.obj)
                0x000000000001de0c                nRF5xn::getSecurityManager()
 .text._ZN38CallChainOfFunctionPointersWithContextIN3Gap15TimeoutSource_tEED2Ev
                0x000000000001de40       0x24 ../ble-nrf51822/libble-nrf51822.a(nRF5xn.cpp.obj)
                0x000000000001de40                CallChainOfFunctionPointersWithContext<Gap::TimeoutSource_t>::~CallChainOfFunctionPointersWithContext()
                0x000000000001de40                CallChainOfFunctionPointersWithContext<Gap::TimeoutSource_t>::~CallChainOfFunctionPointersWithContext()
 .text._ZN38CallChainOfFunctionPointersWithContextIPK10GattClientED2Ev
                0x000000000001de64       0x24 ../ble-nrf51822/libble-nrf51822.a(nRF5xn.cpp.obj)
                0x000000000001de64                CallChainOfFunctionPointersWithContext<GattClient const*>::~CallChainOfFunctionPointersWithContext()
                0x000000000001de64                CallChainOfFunctionPointersWithContext<GattClient const*>::~CallChainOfFunctionPointersWithContext()
 .text._ZN38CallChainOfFunctionPointersWithContextIjED2Ev
                0x000000000001de88       0x24 ../ble-nrf51822/libble-nrf51822.a(nRF5xn.cpp.obj)
                0x000000000001de88                CallChainOfFunctionPointersWithContext<unsigned int>::~CallChainOfFunctionPointersWithContext()
                0x000000000001de88                CallChainOfFunctionPointersWithContext<unsigned int>::~CallChainOfFunctionPointersWithContext()
 .text._ZN38CallChainOfFunctionPointersWithContextIPK32GattSysAttrMissingCallbackParamsED2Ev
                0x000000000001deac       0x24 ../ble-nrf51822/libble-nrf51822.a(nRF5xn.cpp.obj)
                0x000000000001deac                CallChainOfFunctionPointersWithContext<GattSysAttrMissingCallbackParams const*>::~CallChainOfFunctionPointersWithContext()
                0x000000000001deac                CallChainOfFunctionPointersWithContext<GattSysAttrMissingCallbackParams const*>::~CallChainOfFunctionPointersWithContext()
 .text._ZN38CallChainOfFunctionPointersWithContextIPK10GattServerED2Ev
                0x000000000001ded0       0x24 ../ble-nrf51822/libble-nrf51822.a(nRF5xn.cpp.obj)
                0x000000000001ded0                CallChainOfFunctionPointersWithContext<GattServer const*>::~CallChainOfFunctionPointersWithContext()
                0x000000000001ded0                CallChainOfFunctionPointersWithContext<GattServer const*>::~CallChainOfFunctionPointersWithContext()
 .text._ZN38CallChainOfFunctionPointersWithContextIPK21GattHVXCallbackParamsED2Ev
                0x000000000001def4       0x24 ../ble-nrf51822/libble-nrf51822.a(nRF5xn.cpp.obj)
                0x000000000001def4                CallChainOfFunctionPointersWithContext<GattHVXCallbackParams const*>::~CallChainOfFunctionPointersWithContext()
                0x000000000001def4                CallChainOfFunctionPointersWithContext<GattHVXCallbackParams const*>::~CallChainOfFunctionPointersWithContext()
 .text._ZN38CallChainOfFunctionPointersWithContextIPKN3Gap26ConnectionCallbackParams_tEED2Ev
                0x000000000001df18       0x24 ../ble-nrf51822/libble-nrf51822.a(nRF5xn.cpp.obj)
                0x000000000001df18                CallChainOfFunctionPointersWithContext<Gap::ConnectionCallbackParams_t const*>::~CallChainOfFunctionPointersWithContext()
                0x000000000001df18                CallChainOfFunctionPointersWithContext<Gap::ConnectionCallbackParams_t const*>::~CallChainOfFunctionPointersWithContext()
 .text._ZN38CallChainOfFunctionPointersWithContextIPKN3Gap29DisconnectionCallbackParams_tEED2Ev
                0x000000000001df3c       0x24 ../ble-nrf51822/libble-nrf51822.a(nRF5xn.cpp.obj)
                0x000000000001df3c                CallChainOfFunctionPointersWithContext<Gap::DisconnectionCallbackParams_t const*>::~CallChainOfFunctionPointersWithContext()
                0x000000000001df3c                CallChainOfFunctionPointersWithContext<Gap::DisconnectionCallbackParams_t const*>::~CallChainOfFunctionPointersWithContext()
 .text._ZN38CallChainOfFunctionPointersWithContextIPK3GapED2Ev
                0x000000000001df60       0x24 ../ble-nrf51822/libble-nrf51822.a(nRF5xn.cpp.obj)
                0x000000000001df60                CallChainOfFunctionPointersWithContext<Gap const*>::~CallChainOfFunctionPointersWithContext()
                0x000000000001df60                CallChainOfFunctionPointersWithContext<Gap const*>::~CallChainOfFunctionPointersWithContext()
 .text._ZN38CallChainOfFunctionPointersWithContextIPK15SecurityManagerED2Ev
                0x000000000001df84       0x24 ../ble-nrf51822/libble-nrf51822.a(nRF5xn.cpp.obj)
                0x000000000001df84                CallChainOfFunctionPointersWithContext<SecurityManager const*>::~CallChainOfFunctionPointersWithContext()
                0x000000000001df84                CallChainOfFunctionPointersWithContext<SecurityManager const*>::~CallChainOfFunctionPointersWithContext()
 .text._ZN6nRF5xnD2Ev
                0x000000000001dfa8       0x54 ../ble-nrf51822/libble-nrf51822.a(nRF5xn.cpp.obj)
                0x000000000001dfa8                nRF5xn::~nRF5xn()
                0x000000000001dfa8                nRF5xn::~nRF5xn()
 .text._ZN6nRF5xnC2Ev
                0x000000000001dffc      0x138 ../ble-nrf51822/libble-nrf51822.a(nRF5xn.cpp.obj)
                0x000000000001dffc                nRF5xn::nRF5xn()
                0x000000000001dffc                nRF5xn::nRF5xn()
 .text._ZN6nRF5xn8InstanceEj
                0x000000000001e134       0x24 ../ble-nrf51822/libble-nrf51822.a(nRF5xn.cpp.obj)
                0x000000000001e134                nRF5xn::Instance(unsigned int)
 .text._ZN15nRF5xGattServerC2Ev
                0x000000000001e158       0xbc ../ble-nrf51822/libble-nrf51822.a(nRF5xn.cpp.obj)
                0x000000000001e158                nRF5xGattServer::nRF5xGattServer()
                0x000000000001e158                nRF5xGattServer::nRF5xGattServer()
 .text._ZN26FunctionPointerWithContextIPK24DiscoveredCharacteristicEC2EPFvS2_E
                0x000000000001e214       0x20 ../ble-nrf51822/libble-nrf51822.a(nRF5xn.cpp.obj)
                0x000000000001e214                FunctionPointerWithContext<DiscoveredCharacteristic const*>::FunctionPointerWithContext(void (*)(DiscoveredCharacteristic const*))
                0x000000000001e214                FunctionPointerWithContext<DiscoveredCharacteristic const*>::FunctionPointerWithContext(void (*)(DiscoveredCharacteristic const*))
 .text._ZN16ServiceDiscovery5resetEv
                0x000000000001e234       0x68 ../ble-nrf51822/libble-nrf51822.a(nRF5xn.cpp.obj)
                0x000000000001e234                ServiceDiscovery::reset()
 .text._ZN21nRF5xServiceDiscoveryC2EP15nRF5xGattClient
                0x000000000001e29c       0xc0 ../ble-nrf51822/libble-nrf51822.a(nRF5xn.cpp.obj)
                0x000000000001e29c                nRF5xServiceDiscovery::nRF5xServiceDiscovery(nRF5xGattClient*)
                0x000000000001e29c                nRF5xServiceDiscovery::nRF5xServiceDiscovery(nRF5xGattClient*)
 .text._ZN6nRF5xn13getGattClientEv
                0x000000000001e35c       0x60 ../ble-nrf51822/libble-nrf51822.a(nRF5xn.cpp.obj)
                0x000000000001e35c                nRF5xn::getGattClient()
 .text._ZL10dm_handlerPK13device_handlePK10dm_event_tm
                0x000000000001e3bc       0xa4 ../ble-nrf51822/libble-nrf51822.a(btle_security.cpp.obj)
 .text._Z27btle_hasInitializedSecurityv
                0x000000000001e460        0xc ../ble-nrf51822/libble-nrf51822.a(btle_security.cpp.obj)
                0x000000000001e460                btle_hasInitializedSecurity()
 .text._Z23btle_initializeSecuritybbN15SecurityManager24SecurityIOCapabilities_tEPKh
                0x000000000001e46c       0xd8 ../ble-nrf51822/libble-nrf51822.a(btle_security.cpp.obj)
                0x000000000001e46c                btle_initializeSecurity(bool, bool, SecurityManager::SecurityIOCapabilities_t, unsigned char const*)
 .text._Z25btle_purgeAllBondingStatev
                0x000000000001e544       0x24 ../ble-nrf51822/libble-nrf51822.a(btle_security.cpp.obj)
                0x000000000001e544                btle_purgeAllBondingState()
 .text._Z20btle_getLinkSecuritytPN15SecurityManager20LinkSecurityStatus_tE
                0x000000000001e568       0x48 ../ble-nrf51822/libble-nrf51822.a(btle_security.cpp.obj)
                0x000000000001e568                btle_getLinkSecurity(unsigned short, SecurityManager::LinkSecurityStatus_t*)
 .text._Z20btle_setLinkSecuritytN15SecurityManager14SecurityMode_tE
                0x000000000001e5b0       0x4c ../ble-nrf51822/libble-nrf51822.a(btle_security.cpp.obj)
                0x000000000001e5b0                btle_setLinkSecurity(unsigned short, SecurityManager::SecurityMode_t)
 .text._Z33btle_createWhitelistFromBondTableP19ble_gap_whitelist_t
                0x000000000001e5fc       0x2c ../ble-nrf51822/libble-nrf51822.a(btle_security.cpp.obj)
                0x000000000001e5fc                btle_createWhitelistFromBondTable(ble_gap_whitelist_t*)
 .text.custom_convert_to_nordic_uuid
                0x000000000001e628       0xa0 ../ble-nrf51822/libble-nrf51822.a(custom_helper.cpp.obj)
                0x000000000001e628                custom_convert_to_nordic_uuid
 .text.custom_add_in_descriptor
                0x000000000001e6c8       0x64 ../ble-nrf51822/libble-nrf51822.a(custom_helper.cpp.obj)
                0x000000000001e6c8                custom_add_in_descriptor
 .text._ZNK15nRF5xGattClient5writeEN10GattClient9WriteOp_tEttjPKh
                0x000000000001e72c       0x3c ../ble-nrf51822/libble-nrf51822.a(nRF5xGattClient.cpp.obj)
                0x000000000001e72c                nRF5xGattClient::write(GattClient::WriteOp_t, unsigned short, unsigned short, unsigned int, unsigned char const*) const
 .text._ZN15nRF5xGattClient5resetEv
                0x000000000001e768       0xc8 ../ble-nrf51822/libble-nrf51822.a(nRF5xGattClient.cpp.obj)
                0x000000000001e768                nRF5xGattClient::reset()
 .text._ZN15nRF5xGattClient22launchServiceDiscoveryEt26FunctionPointerWithContextIPK17DiscoveredServiceES0_IPK24DiscoveredCharacteristicERK4UUIDSB_
                0x000000000001e830       0xb8 ../ble-nrf51822/libble-nrf51822.a(nRF5xGattClient.cpp.obj)
                0x000000000001e830                nRF5xGattClient::launchServiceDiscovery(unsigned short, FunctionPointerWithContext<DiscoveredService const*>, FunctionPointerWithContext<DiscoveredCharacteristic const*>, UUID const&, UUID const&)
 .text._ZN3BLE8InstanceEj
                0x000000000001e8e8       0x70 ../ble/libble.a(BLE.cpp.obj)
                0x000000000001e8e8                BLE::Instance(unsigned int)
 .text._ZN3BLEC2Ej
                0x000000000001e958       0x2c ../ble/libble.a(BLE.cpp.obj)
                0x000000000001e958                BLE::BLE(unsigned int)
                0x000000000001e958                BLE::BLE(unsigned int)
 .text._ZNK3BLE3gapEv
                0x000000000001e984       0x20 ../ble/libble.a(BLE.cpp.obj)
                0x000000000001e984                BLE::gap() const
 .text._ZNK3BLE10gattServerEv
                0x000000000001e9a4       0x20 ../ble/libble.a(BLE.cpp.obj)
                0x000000000001e9a4                BLE::gattServer() const
 .text._ZNK3BLE15securityManagerEv
                0x000000000001e9c4       0x20 ../ble/libble.a(BLE.cpp.obj)
                0x000000000001e9c4                BLE::securityManager() const
 .text._ZN17GapScanningParamsC2Etttb
                0x000000000001e9e4       0x60 ../ble/libble.a(GapScanningParams.cpp.obj)
                0x000000000001e9e4                GapScanningParams::GapScanningParams(unsigned short, unsigned short, unsigned short, bool)
                0x000000000001e9e4                GapScanningParams::GapScanningParams(unsigned short, unsigned short, unsigned short, bool)
 .text.SWI1_IRQHandler
                0x000000000001ea44       0x20 ../nrf51-sdk/libnrf51-sdk.a(ble_radio_notification.c.obj)
                0x000000000001ea44                SWI1_IRQHandler
 .text.ble_radio_notification_init
                0x000000000001ea64       0x38 ../nrf51-sdk/libnrf51-sdk.a(ble_radio_notification.c.obj)
                0x000000000001ea64                ble_radio_notification_init
 .text.gatts_context_store
                0x000000000001ea9c       0xb4 ../nrf51-sdk/libnrf51-sdk.a(device_manager_peripheral.c.obj)
 .text.device_context_store
                0x000000000001eb50       0xb0 ../nrf51-sdk/libnrf51-sdk.a(device_manager_peripheral.c.obj)
 .text.gatts_context_apply
                0x000000000001ec00       0xc0 ../nrf51-sdk/libnrf51-sdk.a(device_manager_peripheral.c.obj)
 .text.gatts_context_load
                0x000000000001ecc0       0x34 ../nrf51-sdk/libnrf51-sdk.a(device_manager_peripheral.c.obj)
 .text.peer_instance_init
                0x000000000001ecf4       0x48 ../nrf51-sdk/libnrf51-sdk.a(device_manager_peripheral.c.obj)
 .text.device_instance_free
                0x000000000001ed3c       0x2c ../nrf51-sdk/libnrf51-sdk.a(device_manager_peripheral.c.obj)
 .text.dm_pstorage_cb_handler
                0x000000000001ed68      0x11c ../nrf51-sdk/libnrf51-sdk.a(device_manager_peripheral.c.obj)
 .text.dm_init  0x000000000001ee84       0xd4 ../nrf51-sdk/libnrf51-sdk.a(device_manager_peripheral.c.obj)
                0x000000000001ee84                dm_init
 .text.dm_register
                0x000000000001ef58       0x70 ../nrf51-sdk/libnrf51-sdk.a(device_manager_peripheral.c.obj)
                0x000000000001ef58                dm_register
 .text.dm_security_status_req
                0x000000000001efc8       0x70 ../nrf51-sdk/libnrf51-sdk.a(device_manager_peripheral.c.obj)
                0x000000000001efc8                dm_security_status_req
 .text.dm_whitelist_create
                0x000000000001f038       0xcc ../nrf51-sdk/libnrf51-sdk.a(device_manager_peripheral.c.obj)
                0x000000000001f038                dm_whitelist_create
 .text.dm_device_delete_all
                0x000000000001f104       0x54 ../nrf51-sdk/libnrf51-sdk.a(device_manager_peripheral.c.obj)
                0x000000000001f104                dm_device_delete_all
 .text.dm_application_context_set
                0x000000000001f158        0x8 ../nrf51-sdk/libnrf51-sdk.a(device_manager_peripheral.c.obj)
                0x000000000001f158                dm_application_context_set
 .text.dm_peer_addr_get
                0x000000000001f160       0x84 ../nrf51-sdk/libnrf51-sdk.a(device_manager_peripheral.c.obj)
                0x000000000001f160                dm_peer_addr_get
 .text.dm_distributed_keys_get
                0x000000000001f1e4       0xb0 ../nrf51-sdk/libnrf51-sdk.a(device_manager_peripheral.c.obj)
                0x000000000001f1e4                dm_distributed_keys_get
 .text.bond_data_load
                0x000000000001f294       0x48 ../nrf51-sdk/libnrf51-sdk.a(device_manager_peripheral.c.obj)
                0x000000000001f294                bond_data_load
 .text.address_to_device_id
                0x000000000001f2dc       0x2c ../nrf51-sdk/libnrf51-sdk.a(device_manager_peripheral.c.obj)
                0x000000000001f2dc                address_to_device_id
 .text.dm_ble_evt_handler
                0x000000000001f308      0x374 ../nrf51-sdk/libnrf51-sdk.a(device_manager_peripheral.c.obj)
                0x000000000001f308                dm_ble_evt_handler
 .text.dm_handle_get
                0x000000000001f67c       0x48 ../nrf51-sdk/libnrf51-sdk.a(device_manager_peripheral.c.obj)
                0x000000000001f67c                dm_handle_get
 .text.pstorage_flash_page_end
                0x000000000001f6c4       0x20 ../nrf51-sdk/libnrf51-sdk.a(pstorage.c.obj)
 .text.swap_sub_state_entry_action_run
                0x000000000001f6e4       0x18 ../nrf51-sdk/libnrf51-sdk.a(pstorage.c.obj)
 .text.app_notify
                0x000000000001f6fc       0x2c ../nrf51-sdk/libnrf51-sdk.a(pstorage.c.obj)
 .text.is_page_erase_required
                0x000000000001f728       0x50 ../nrf51-sdk/libnrf51-sdk.a(pstorage.c.obj)
 .text.swap_sub_state_err_busy_process
                0x000000000001f778       0x18 ../nrf51-sdk/libnrf51-sdk.a(pstorage.c.obj)
 .text.data_to_swap_write_state_run
                0x000000000001f790       0x30 ../nrf51-sdk/libnrf51-sdk.a(pstorage.c.obj)
 .text.swap_erase_state_run
                0x000000000001f7c0       0x24 ../nrf51-sdk/libnrf51-sdk.a(pstorage.c.obj)
 .text.flash_api_err_code_process
                0x000000000001f7e4       0x40 ../nrf51-sdk/libnrf51-sdk.a(pstorage.c.obj)
 .text.store_cmd_flash_write_execute
                0x000000000001f824       0x54 ../nrf51-sdk/libnrf51-sdk.a(pstorage.c.obj)
 .text.state_restore_head_entry_run
                0x000000000001f878       0x34 ../nrf51-sdk/libnrf51-sdk.a(pstorage.c.obj)
 .text.state_restore_tail_entry_run
                0x000000000001f8ac       0x48 ../nrf51-sdk/libnrf51-sdk.a(pstorage.c.obj)
 .text.state_write_data_swap_entry_run
                0x000000000001f8f4       0x2c ../nrf51-sdk/libnrf51-sdk.a(pstorage.c.obj)
 .text.state_data_erase_entry_run
                0x000000000001f920       0x14 ../nrf51-sdk/libnrf51-sdk.a(pstorage.c.obj)
 .text.state_entry_action_run
                0x000000000001f934       0xc4 ../nrf51-sdk/libnrf51-sdk.a(pstorage.c.obj)
 .text.clear_operation_execute
                0x000000000001f9f8      0x114 ../nrf51-sdk/libnrf51-sdk.a(pstorage.c.obj)
 .text.cmd_process
                0x000000000001fb0c       0x40 ../nrf51-sdk/libnrf51-sdk.a(pstorage.c.obj)
 .text.cmd_queue_enqueue
                0x000000000001fb4c       0x54 ../nrf51-sdk/libnrf51-sdk.a(pstorage.c.obj)
 .text.command_end_procedure_run
                0x000000000001fba0       0x54 ../nrf51-sdk/libnrf51-sdk.a(pstorage.c.obj)
 .text.clear_post_processing_run
                0x000000000001fbf4       0x2c ../nrf51-sdk/libnrf51-sdk.a(pstorage.c.obj)
 .text.head_restore_state_run
                0x000000000001fc20       0x98 ../nrf51-sdk/libnrf51-sdk.a(pstorage.c.obj)
 .text.tail_restore_state_run
                0x000000000001fcb8       0x1c ../nrf51-sdk/libnrf51-sdk.a(pstorage.c.obj)
 .text.data_page_erase_state_run
                0x000000000001fcd4       0x74 ../nrf51-sdk/libnrf51-sdk.a(pstorage.c.obj)
 .text.flash_operation_success_run
                0x000000000001fd48       0x98 ../nrf51-sdk/libnrf51-sdk.a(pstorage.c.obj)
 .text.pstorage_sys_event_handler
                0x000000000001fde0       0x68 ../nrf51-sdk/libnrf51-sdk.a(pstorage.c.obj)
                0x000000000001fde0                pstorage_sys_event_handler
 .text.pstorage_init
                0x000000000001fe48       0x80 ../nrf51-sdk/libnrf51-sdk.a(pstorage.c.obj)
                0x000000000001fe48                pstorage_init
 .text.pstorage_register
                0x000000000001fec8       0xbc ../nrf51-sdk/libnrf51-sdk.a(pstorage.c.obj)
                0x000000000001fec8                pstorage_register
 .text.pstorage_block_identifier_get
                0x000000000001ff84       0x4c ../nrf51-sdk/libnrf51-sdk.a(pstorage.c.obj)
                0x000000000001ff84                pstorage_block_identifier_get
 .text.pstorage_store
                0x000000000001ffd0       0x78 ../nrf51-sdk/libnrf51-sdk.a(pstorage.c.obj)
                0x000000000001ffd0                pstorage_store
 .text.pstorage_update
                0x0000000000020048       0x78 ../nrf51-sdk/libnrf51-sdk.a(pstorage.c.obj)
                0x0000000000020048                pstorage_update
 .text.pstorage_load
                0x00000000000200c0       0x94 ../nrf51-sdk/libnrf51-sdk.a(pstorage.c.obj)
                0x00000000000200c0                pstorage_load
 .text.pstorage_clear
                0x0000000000020154       0x84 ../nrf51-sdk/libnrf51-sdk.a(pstorage.c.obj)
                0x0000000000020154                pstorage_clear
 .text.dfu_app_on_dfu_evt
                0x00000000000201d8      0x16c ../nrf51-sdk/libnrf51-sdk.a(dfu_app_handler.c.obj)
                0x00000000000201d8                dfu_app_on_dfu_evt
 .text.intern_softdevice_events_execute
                0x0000000000020344       0xac ../nrf51-sdk/libnrf51-sdk.a(softdevice_handler.c.obj)
                0x0000000000020344                intern_softdevice_events_execute
 .text.softdevice_handler_init
                0x00000000000203f0       0x48 ../nrf51-sdk/libnrf51-sdk.a(softdevice_handler.c.obj)
                0x00000000000203f0                softdevice_handler_init
 .text.softdevice_handler_sd_disable
                0x0000000000020438       0x18 ../nrf51-sdk/libnrf51-sdk.a(softdevice_handler.c.obj)
                0x0000000000020438                softdevice_handler_sd_disable
 .text.softdevice_ble_evt_handler_set
                0x0000000000020450       0x14 ../nrf51-sdk/libnrf51-sdk.a(softdevice_handler.c.obj)
                0x0000000000020450                softdevice_ble_evt_handler_set
 .text.softdevice_sys_evt_handler_set
                0x0000000000020464       0x14 ../nrf51-sdk/libnrf51-sdk.a(softdevice_handler.c.obj)
                0x0000000000020464                softdevice_sys_evt_handler_set
 .text.SWI2_IRQHandler
                0x0000000000020478       0x24 ../nrf51-sdk/libnrf51-sdk.a(softdevice_handler.c.obj)
                0x0000000000020478                SWI2_IRQHandler
 .text.ble_dfu_response_send
                0x000000000002049c       0x64 ../nrf51-sdk/libnrf51-sdk.a(ble_dfu.c.obj)
                0x000000000002049c                ble_dfu_response_send
 .text.bootloader_util_app_start
                0x0000000000020500       0x3c ../nrf51-sdk/libnrf51-sdk.a(bootloader_util.c.obj)
                0x0000000000020500                bootloader_util_app_start
 .text          0x000000000002053c       0x48 ../mbed-classic/libmbed-classic.a(startup_NRF51822.S.obj)
                0x000000000002053c                Reset_Handler
                0x0000000000020578                NMI_Handler
                0x000000000002057a                HardFault_Handler
                0x000000000002057c                SVC_Handler
                0x000000000002057e                PendSV_Handler
                0x0000000000020580                SysTick_Handler
                0x0000000000020582                SPI0_TWI0_IRQHandler
                0x0000000000020582                RTC0_IRQHandler
                0x0000000000020582                POWER_CLOCK_IRQHandler
                0x0000000000020582                LPCOMP_IRQHandler
                0x0000000000020582                SWI4_IRQHandler
                0x0000000000020582                TEMP_IRQHandler
                0x0000000000020582                QDEC_IRQHandler
                0x0000000000020582                SWI5_IRQHandler
                0x0000000000020582                TIMER0_IRQHandler
                0x0000000000020582                SWI0_IRQHandler
                0x0000000000020582                ECB_IRQHandler
                0x0000000000020582                Default_Handler
                0x0000000000020582                ADC_IRQHandler
                0x0000000000020582                SWI3_IRQHandler
                0x0000000000020582                CCM_AAR_IRQHandler
                0x0000000000020582                WDT_IRQHandler
                0x0000000000020582                RNG_IRQHandler
                0x0000000000020582                SPI1_TWI1_IRQHandler
                0x0000000000020582                RTC1_IRQHandler
 .text.SystemInit
                0x0000000000020584       0xac ../mbed-classic/libmbed-classic.a(system_nrf51.c.obj)
                0x0000000000020584                SystemInit
 .text._ZN4mbed3I2CC2E7PinNameS1_
                0x0000000000020630       0x30 ../mbed-classic/libmbed-classic.a(I2C.cpp.obj)
                0x0000000000020630                mbed::I2C::I2C(PinName, PinName)
                0x0000000000020630                mbed::I2C::I2C(PinName, PinName)
 .text._ZN4mbed3I2C6aquireEv
                0x0000000000020660       0x1c ../mbed-classic/libmbed-classic.a(I2C.cpp.obj)
                0x0000000000020660                mbed::I2C::aquire()
 .text._ZN4mbed11InterruptInD2Ev
                0x000000000002067c       0x18 ../mbed-classic/libmbed-classic.a(InterruptIn.cpp.obj)
                0x000000000002067c                mbed::InterruptIn::~InterruptIn()
                0x000000000002067c                mbed::InterruptIn::~InterruptIn()
 .text.gpio_read
                0x0000000000020694       0x2c ../mbed-classic/libmbed-classic.a(InterruptIn.cpp.obj)
 .text._ZN4mbed11InterruptInC2E7PinName
                0x00000000000206c0       0x48 ../mbed-classic/libmbed-classic.a(InterruptIn.cpp.obj)
                0x00000000000206c0                mbed::InterruptIn::InterruptIn(PinName)
                0x00000000000206c0                mbed::InterruptIn::InterruptIn(PinName)
 .text._ZN4mbed9RawSerialC2E7PinNameS1_
                0x0000000000020708       0x14 ../mbed-classic/libmbed-classic.a(RawSerial.cpp.obj)
                0x0000000000020708                mbed::RawSerial::RawSerial(PinName, PinName)
                0x0000000000020708                mbed::RawSerial::RawSerial(PinName, PinName)
 .text._ZN4mbed10SerialBaseC2E7PinNameS1_
                0x000000000002071c       0x3c ../mbed-classic/libmbed-classic.a(SerialBase.cpp.obj)
                0x000000000002071c                mbed::SerialBase::SerialBase(PinName, PinName)
                0x000000000002071c                mbed::SerialBase::SerialBase(PinName, PinName)
 .text._ZN4mbed7TimeoutD2Ev
                0x0000000000020758       0x1c ../mbed-classic/libmbed-classic.a(Timeout.cpp.obj)
                0x0000000000020758                mbed::Timeout::~Timeout()
                0x0000000000020758                mbed::Timeout::~Timeout()
 .text._ZN4mbed10TimerEventC2Ev
                0x0000000000020774       0x2c ../mbed-classic/libmbed-classic.a(TimerEvent.cpp.obj)
                0x0000000000020774                mbed::TimerEvent::TimerEvent()
                0x0000000000020774                mbed::TimerEvent::TimerEvent()
 .text._ZN4mbed10TimerEventD2Ev
                0x00000000000207a0       0x18 ../mbed-classic/libmbed-classic.a(TimerEvent.cpp.obj)
                0x00000000000207a0                mbed::TimerEvent::~TimerEvent()
                0x00000000000207a0                mbed::TimerEvent::~TimerEvent()
 .text.mbed_assert_internal
                0x00000000000207b8       0x14 ../mbed-classic/libmbed-classic.a(assert.c.obj)
                0x00000000000207b8                mbed_assert_internal
 .text.gpio_write
                0x00000000000207cc       0x30 ../mbed-classic/libmbed-classic.a(gpio.c.obj)
 .text.get_us_ticker_data
                0x00000000000207fc        0x8 ../mbed-classic/libmbed-classic.a(us_ticker_api.c.obj)
                0x00000000000207fc                get_us_ticker_data
 .text.us_ticker_irq_handler
                0x0000000000020804       0x10 ../mbed-classic/libmbed-classic.a(us_ticker_api.c.obj)
                0x0000000000020804                us_ticker_irq_handler
 .text.gpio_init
                0x0000000000020814       0x30 ../mbed-classic/libmbed-classic.a(gpio_api.c.obj)
                0x0000000000020814                gpio_init
 .text.gpio_dir
                0x0000000000020844       0x3c ../mbed-classic/libmbed-classic.a(gpio_api.c.obj)
                0x0000000000020844                gpio_dir
 .text.GPIOTE_IRQHandler
                0x0000000000020880       0xf4 ../mbed-classic/libmbed-classic.a(gpio_irq_api.c.obj)
                0x0000000000020880                GPIOTE_IRQHandler
 .text.gpio_irq_init
                0x0000000000020974       0x60 ../mbed-classic/libmbed-classic.a(gpio_irq_api.c.obj)
                0x0000000000020974                gpio_irq_init
 .text.gpio_irq_free
                0x00000000000209d4       0x10 ../mbed-classic/libmbed-classic.a(gpio_irq_api.c.obj)
                0x00000000000209d4                gpio_irq_free
 .text.gpio_irq_set
                0x00000000000209e4       0x9c ../mbed-classic/libmbed-classic.a(gpio_irq_api.c.obj)
                0x00000000000209e4                gpio_irq_set
 .text.i2c_do_write
                0x0000000000020a80       0x28 ../mbed-classic/libmbed-classic.a(i2c_api.c.obj)
                0x0000000000020a80                i2c_do_write
 .text.i2c_do_read
                0x0000000000020aa8       0x3c ../mbed-classic/libmbed-classic.a(i2c_api.c.obj)
                0x0000000000020aa8                i2c_do_read
 .text.i2c_frequency
                0x0000000000020ae4       0x48 ../mbed-classic/libmbed-classic.a(i2c_api.c.obj)
                0x0000000000020ae4                i2c_frequency
 .text.twi_master_init
                0x0000000000020b2c       0x44 ../mbed-classic/libmbed-classic.a(i2c_api.c.obj)
                0x0000000000020b2c                twi_master_init
 .text.i2c_init
                0x0000000000020b70       0xc4 ../mbed-classic/libmbed-classic.a(i2c_api.c.obj)
                0x0000000000020b70                i2c_init
 .text.i2c_reset
                0x0000000000020c34       0x30 ../mbed-classic/libmbed-classic.a(i2c_api.c.obj)
                0x0000000000020c34                i2c_reset
 .text.i2c_stop
                0x0000000000020c64       0x34 ../mbed-classic/libmbed-classic.a(i2c_api.c.obj)
                0x0000000000020c64                i2c_stop
 .text.checkError
                0x0000000000020c98       0x28 ../mbed-classic/libmbed-classic.a(i2c_api.c.obj)
                0x0000000000020c98                checkError
 .text.pin_mode
                0x0000000000020cc0       0x3c ../mbed-classic/libmbed-classic.a(pinmap.c.obj)
                0x0000000000020cc0                pin_mode
 .text.port_init
                0x0000000000020cfc       0x28 ../mbed-classic/libmbed-classic.a(port_api.c.obj)
                0x0000000000020cfc                port_init
 .text.pwm_disconnect
                0x0000000000020d24       0x60 ../mbed-classic/libmbed-classic.a(pwmout_api.c.obj)
 .text.TIMER2_IRQHandler
                0x0000000000020d84       0x68 ../mbed-classic/libmbed-classic.a(pwmout_api.c.obj)
                0x0000000000020d84                TIMER2_IRQHandler
 .text.serial_baud.part.0
                0x0000000000020dec       0x38 ../mbed-classic/libmbed-classic.a(serial_api.c.obj)
 .text.serial_init
                0x0000000000020e24       0xb8 ../mbed-classic/libmbed-classic.a(serial_api.c.obj)
                0x0000000000020e24                serial_init
 .text.serial_baud
                0x0000000000020edc       0x20 ../mbed-classic/libmbed-classic.a(serial_api.c.obj)
                0x0000000000020edc                serial_baud
 .text.UART0_IRQHandler
                0x0000000000020efc       0x4c ../mbed-classic/libmbed-classic.a(serial_api.c.obj)
                0x0000000000020efc                UART0_IRQHandler
 .text.serial_irq_handler
                0x0000000000020f48       0x18 ../mbed-classic/libmbed-classic.a(serial_api.c.obj)
                0x0000000000020f48                serial_irq_handler
 .text.twi_master_clear_bus
                0x0000000000020f60       0xb0 ../mbed-classic/libmbed-classic.a(twi_master.c.obj)
 .text.twi_master_init_and_clear
                0x0000000000021010       0x74 ../mbed-classic/libmbed-classic.a(twi_master.c.obj)
                0x0000000000021010                twi_master_init_and_clear
 .text.tmr1_getCounter64
                0x0000000000021084       0x50 ../mbed-classic/libmbed-classic.a(us_ticker.c.obj)
 .text.TIMER1_IRQHandler
                0x00000000000210d4       0x50 ../mbed-classic/libmbed-classic.a(us_ticker.c.obj)
                0x00000000000210d4                TIMER1_IRQHandler
 .text.us_ticker_init
                0x0000000000021124       0x8c ../mbed-classic/libmbed-classic.a(us_ticker.c.obj)
                0x0000000000021124                us_ticker_init
 .text.us_ticker_read
                0x00000000000211b0       0x18 ../mbed-classic/libmbed-classic.a(us_ticker.c.obj)
                0x00000000000211b0                us_ticker_read
 .text.us_ticker_set_interrupt
                0x00000000000211c8       0x54 ../mbed-classic/libmbed-classic.a(us_ticker.c.obj)
                0x00000000000211c8                us_ticker_set_interrupt
 .text.gpio_write
                0x000000000002121c       0x30 ../mbed-classic/libmbed-classic.a(board.c.obj)
 .text._ZN10__cxxabiv117__class_type_infoD2Ev
                0x000000000002124c       0x18 /usr/lib/gcc/arm-none-eabi/8.2.0/../../../../arm-none-eabi/lib/thumb/v6-m/nofp/libstdc++_nano.a(class_type_info.o)
                0x000000000002124c                __cxxabiv1::__class_type_info::~__class_type_info()
                0x000000000002124c                __cxxabiv1::__class_type_info::~__class_type_info()
 .text._ZN10__cxxabiv121__vmi_class_type_infoD2Ev
                0x0000000000021264       0x18 /usr/lib/gcc/arm-none-eabi/8.2.0/../../../../arm-none-eabi/lib/thumb/v6-m/nofp/libstdc++_nano.a(vmi_class_type_info.o)
                0x0000000000021264                __cxxabiv1::__vmi_class_type_info::~__vmi_class_type_info()
                0x0000000000021264                __cxxabiv1::__vmi_class_type_info::~__vmi_class_type_info()
 .text._ZN10__cxxabiv120__si_class_type_infoD2Ev
                0x000000000002127c       0x18 /usr/lib/gcc/arm-none-eabi/8.2.0/../../../../arm-none-eabi/lib/thumb/v6-m/nofp/libstdc++_nano.a(si_class_type_info.o)
                0x000000000002127c                __cxxabiv1::__si_class_type_info::~__si_class_type_info()
                0x000000000002127c                __cxxabiv1::__si_class_type_info::~__si_class_type_info()
 .text._ZSt15get_new_handlerv
                0x0000000000021294        0xc /usr/lib/gcc/arm-none-eabi/8.2.0/../../../../arm-none-eabi/lib/thumb/v6-m/nofp/libstdc++_nano.a(new_handler.o)
                0x0000000000021294                std::get_new_handler()
 .text          0x00000000000212a0       0x14 /usr/lib/gcc/arm-none-eabi/8.2.0/thumb/v6-m/nofp/libgcc.a(_thumb1_case_uqi.o)
                0x00000000000212a0                __gnu_thumb1_case_uqi
 .text          0x00000000000212b4       0x8c /usr/lib/gcc/arm-none-eabi/8.2.0/thumb/v6-m/nofp/libgcc.a(_udivsi3.o)
                0x00000000000212b4                __udivsi3
                0x00000000000212b4                __aeabi_uidiv
                0x000000000002132c                __aeabi_uidivmod
 .text          0x0000000000021340       0xa8 /usr/lib/gcc/arm-none-eabi/8.2.0/thumb/v6-m/nofp/libgcc.a(_divsi3.o)
                0x0000000000021340                __aeabi_idiv
                0x0000000000021340                __divsi3
                0x00000000000213d4                __aeabi_idivmod
 .text          0x00000000000213e8        0x4 /usr/lib/gcc/arm-none-eabi/8.2.0/thumb/v6-m/nofp/libgcc.a(_dvmd_tls.o)
                0x00000000000213e8                __aeabi_ldiv0
                0x00000000000213e8                __aeabi_idiv0
 .text          0x00000000000213ec       0x74 /usr/lib/gcc/arm-none-eabi/8.2.0/thumb/v6-m/nofp/libgcc.a(_arm_cmpsf2.o)
                0x00000000000213ec                __aeabi_cfrcmple
                0x00000000000213f4                __aeabi_cfcmple
                0x00000000000213f4                __aeabi_cfcmpeq
                0x0000000000021404                __aeabi_fcmpeq
                0x0000000000021410                __aeabi_fcmplt
                0x0000000000021424                __aeabi_fcmple
                0x0000000000021438                __aeabi_fcmpgt
                0x000000000002144c                __aeabi_fcmpge
 .text          0x0000000000021460       0x40 /usr/lib/gcc/arm-none-eabi/8.2.0/thumb/v6-m/nofp/libgcc.a(_aeabi_uldivmod.o)
                0x0000000000021460                __aeabi_uldivmod
 .text.__aeabi_fadd
                0x00000000000214a0      0x2a8 /usr/lib/gcc/arm-none-eabi/8.2.0/thumb/v6-m/nofp/libgcc.a(addsf3.o)